09-09 12:50:02.673  6817  6817 F DEBUG   :       #17 pc 000000000020a01d  /apex/com.android.art/lib64/libart.so (nterp_helper+5805) (BuildId: 62338b1c62e3991543c9b8b8bae2b361)
09-09 12:50:02.673  6817  6817 F DEBUG   :       #18 pc 0000000000a1d118  /data/app/~~Dl5oMMVQVFHwwIIJuPj6Tg==/com.petjiouser--z2e0ipfzfPM7XwutriOTg==/oat/x86_64/base.vdex (com.facebook.react.fabric.FabricUIManagerBinding.register+56)
09-09 12:50:02.673  6817  6817 F DEBUG   :       #19 pc 0000000000209fbe  /apex/com.android.art/lib64/libart.so (nterp_helper+5710) (BuildId: 62338b1c62e3991543c9b8b8bae2b361)
09-09 12:50:02.673  6817  6817 F DEBUG   :       #20 pc 0000000000a40da6  /data/app/~~Dl5oMMVQVFHwwIIJuPj6Tg==/com.petjiouser--z2e0ipfzfPM7XwutriOTg==/oat/x86_64/base.vdex (com.facebook.react.runtime.ReactInstance.<init>+770)
09-09 12:50:02.673  6817  6817 F DEBUG   :       #21 pc 0000000000209fbe  /apex/com.android.art/lib64/libart.so (nterp_helper+5710) (BuildId: 62338b1c62e3991543c9b8b8bae2b361)
09-09 12:50:02.673  6817  6817 F DEBUG   :       #22 pc 0000000000a3d16c  /data/app/~~Dl5oMMVQVFHwwIIJuPj6Tg==/com.petjiouser--z2e0ipfzfPM7XwutriOTg==/oat/x86_64/base.vdex (com.facebook.react.runtime.ReactHostImpl.getOrCreateReactInstanceTask$lambda$41$lambda$38+104)
09-09 12:50:02.673  6817  6817 F DEBUG   :       #23 pc 00000000002089a8  /apex/com.android.art/lib64/libart.so (nterp_helper+56) (BuildId: 62338b1c62e3991543c9b8b8bae2b361)
09-09 12:50:02.673  6817  6817 F DEBUG   :       #24 pc 0000000000a3d0e8  /data/app/~~Dl5oMMVQVFHwwIIJuPj6Tg==/com.petjiouser--z2e0ipfzfPM7XwutriOTg==/oat/x86_64/base.vdex (com.facebook.react.runtime.ReactHostImpl.$r8$lambda$LQY77bFECGrnkUqd7Ku55sJ721A+0)
09-09 12:50:02.673  6817  6817 F DEBUG   :       #25 pc 00000000002089a8  /apex/com.android.art/lib64/libart.so (nterp_helper+56) (BuildId: 62338b1c62e3991543c9b8b8bae2b361)
09-09 12:50:02.673  6817  6817 F DEBUG   :       #26 pc 0000000000a3ba00  /data/app/~~Dl5oMMVQVFHwwIIJuPj6Tg==/com.petjiouser--z2e0ipfzfPM7XwutriOTg==/oat/x86_64/base.vdex (com.facebook.react.runtime.ReactHostImpl$$ExternalSyntheticLambda11.then+8)
09-09 12:50:02.673  6817  6817 F DEBUG   :       #27 pc 000000000020a565  /apex/com.android.art/lib64/libart.so (nterp_helper+7157) (BuildId: 62338b1c62e3991543c9b8b8bae2b361)
09-09 12:50:02.674  6817  6817 F DEBUG   :       #28 pc 0000000000a42930  /data/app/~~Dl5oMMVQVFHwwIIJuPj6Tg==/com.petjiouser--z2e0ipfzfPM7XwutriOTg==/oat/x86_64/base.vdex (com.facebook.react.runtime.internal.bolts.Task$Companion.completeImmediately$lambda$3+0)
09-09 12:50:02.674  6817  6817 F DEBUG   :       #29 pc 00000000002089a8  /apex/com.android.art/lib64/libart.so (nterp_helper+56) (BuildId: 62338b1c62e3991543c9b8b8bae2b361)
09-09 12:50:02.675  6817  6817 F DEBUG   :       #30 pc 0000000000a4276c  /data/app/~~Dl5oMMVQVFHwwIIJuPj6Tg==/com.petjiouser--z2e0ipfzfPM7XwutriOTg==/oat/x86_64/base.vdex (com.facebook.react.runtime.internal.bolts.Task$Companion.$r8$lambda$b7MTC0ufkn_2TjF4BGcNqGR9qK0+0)
09-09 12:50:02.676  6817  6817 F DEBUG   :       #31 pc 00000000002089a8  /apex/com.android.art/lib64/libart.so (nterp_helper+56) (BuildId: 62338b1c62e3991543c9b8b8bae2b361)
09-09 12:50:02.676  6817  6817 F DEBUG   :       #32 pc 0000000000a42494  /data/app/~~Dl5oMMVQVFHwwIIJuPj6Tg==/com.petjiouser--z2e0ipfzfPM7XwutriOTg==/oat/x86_64/base.vdex (com.facebook.react.runtime.internal.bolts.Task$Companion$$ExternalSyntheticLambda3.run+12)
09-09 12:50:02.677  6817  6817 F DEBUG   :       #33 pc 000000000020a565  /apex/com.android.art/lib64/libart.so (nterp_helper+7157) (BuildId: 62338b1c62e3991543c9b8b8bae2b361)
09-09 12:50:02.677  6817  6817 F DEBUG   :       #34 pc 0000000000a421b6  /data/app/~~Dl5oMMVQVFHwwIIJuPj6Tg==/com.petjiouser--z2e0ipfzfPM7XwutriOTg==/oat/x86_64/base.vdex (com.facebook.react.runtime.internal.bolts.Executors$ImmediateExecutor.execute+10)
09-09 12:50:02.678  6817  6817 F DEBUG   :       #35 pc 000000000020a565  /apex/com.android.art/lib64/libart.so (nterp_helper+7157) (BuildId: 62338b1c62e3991543c9b8b8bae2b361)
09-09 12:50:02.678  6817  6817 F DEBUG   :       #36 pc 0000000000a4297e  /data/app/~~Dl5oMMVQVFHwwIIJuPj6Tg==/com.petjiouser--z2e0ipfzfPM7XwutriOTg==/oat/x86_64/base.vdex (com.facebook.react.runtime.internal.bolts.Task$Companion.completeImmediately+10)
09-09 12:50:02.678  6817  6817 F DEBUG   :       #37 pc 0000000000209808  /apex/com.android.art/lib64/libart.so (nterp_helper+3736) (BuildId: 62338b1c62e3991543c9b8b8bae2b361)
09-09 12:50:02.678  6817  6817 F DEBUG   :       #38 pc 0000000000a427cc  /data/app/~~Dl5oMMVQVFHwwIIJuPj6Tg==/com.petjiouser--z2e0ipfzfPM7XwutriOTg==/oat/x86_64/base.vdex (com.facebook.react.runtime.internal.bolts.Task$Companion.access$completeImmediately+0)
09-09 12:50:02.678  6817  6817 F DEBUG   :       #39 pc 00000000002089a8  /apex/com.android.art/lib64/libart.so (nterp_helper+56) (BuildId: 62338b1c62e3991543c9b8b8bae2b361)
09-09 12:50:02.678  6817  6817 F DEBUG   :       #40 pc 0000000000a42e96  /data/app/~~Dl5oMMVQVFHwwIIJuPj6Tg==/com.petjiouser--z2e0ipfzfPM7XwutriOTg==/oat/x86_64/base.vdex (com.facebook.react.runtime.internal.bolts.Task.continueWith+82)
09-09 12:50:02.678  6817  6817 F DEBUG   :       #41 pc 0000000000209808  /apex/com.android.art/lib64/libart.so (nterp_helper+3736) (BuildId: 62338b1c62e3991543c9b8b8bae2b361)
09-09 12:50:02.679  6817  6817 F DEBUG   :       #42 pc 0000000000a42e00  /data/app/~~Dl5oMMVQVFHwwIIJuPj6Tg==/com.petjiouser--z2e0ipfzfPM7XwutriOTg==/oat/x86_64/base.vdex (com.facebook.react.runtime.internal.bolts.Task.continueWith$default+12)
09-09 12:50:02.679  6817  6817 F DEBUG   :       #43 pc 00000000002089a8  /apex/com.android.art/lib64/libart.so (nterp_helper+56) (BuildId: 62338b1c62e3991543c9b8b8bae2b361)
09-09 12:50:02.679  6817  6817 F DEBUG   :       #44 pc 0000000000a430d2  /data/app/~~Dl5oMMVQVFHwwIIJuPj6Tg==/com.petjiouser--z2e0ipfzfPM7XwutriOTg==/oat/x86_64/base.vdex (com.facebook.react.runtime.internal.bolts.Task.onSuccess$lambda$12+74)
09-09 12:50:02.679  6817  6817 F DEBUG   :       #45 pc 00000000002089a8  /apex/com.android.art/lib64/libart.so (nterp_helper+56) (BuildId: 62338b1c62e3991543c9b8b8bae2b361)
09-09 12:50:02.679  6817  6817 F DEBUG   :       #46 pc 0000000000a42d38  /data/app/~~Dl5oMMVQVFHwwIIJuPj6Tg==/com.petjiouser--z2e0ipfzfPM7XwutriOTg==/oat/x86_64/base.vdex (com.facebook.react.runtime.internal.bolts.Task.$r8$lambda$l0wwo5AvbHxlwfI1R7CH_codxoo+0)
09-09 12:50:02.679  6817  6817 F DEBUG   :       #47 pc 00000000002089a8  /apex/com.android.art/lib64/libart.so (nterp_helper+56) (BuildId: 62338b1c62e3991543c9b8b8bae2b361)
09-09 12:50:02.679  6817  6817 F DEBUG   :       #48 pc 0000000000a422ec  /data/app/~~Dl5oMMVQVFHwwIIJuPj6Tg==/com.petjiouser--z2e0ipfzfPM7XwutriOTg==/oat/x86_64/base.vdex (com.facebook.react.runtime.internal.bolts.Task$$ExternalSyntheticLambda2.then+4)
09-09 12:50:02.679  6817  6817 F DEBUG   :       #49 pc 000000000020a565  /apex/com.android.art/lib64/libart.so (nterp_helper+7157) (BuildId: 62338b1c62e3991543c9b8b8bae2b361)
09-09 12:50:02.679  6817  6817 F DEBUG   :       #50 pc 0000000000a42884  /data/app/~~Dl5oMMVQVFHwwIIJuPj6Tg==/com.petjiouser--z2e0ipfzfPM7XwutriOTg==/oat/x86_64/base.vdex (com.facebook.react.runtime.internal.bolts.Task$Companion.completeAfterTask$lambda$5+0)
09-09 12:50:02.679  6817  6817 F DEBUG   :       #51 pc 00000000002089a8  /apex/com.android.art/lib64/libart.so (nterp_helper+56) (BuildId: 62338b1c62e3991543c9b8b8bae2b361)
09-09 12:50:02.679  6817  6817 F DEBUG   :       #52 pc 0000000000a4273c  /data/app/~~Dl5oMMVQVFHwwIIJuPj6Tg==/com.petjiouser--z2e0ipfzfPM7XwutriOTg==/oat/x86_64/base.vdex (com.facebook.react.runtime.internal.bolts.Task$Companion.$r8$lambda$IPpysnehFwANEiW061YzapkMdoE+0)
09-09 12:50:02.679  6817  6817 F DEBUG   :       #53 pc 00000000002089a8  /apex/com.android.art/lib64/libart.so (nterp_helper+56) (BuildId: 62338b1c62e3991543c9b8b8bae2b361)
09-09 12:50:02.679  6817  6817 F DEBUG   :       #54 pc 0000000000a424dc  /data/app/~~Dl5oMMVQVFHwwIIJuPj6Tg==/com.petjiouser--z2e0ipfzfPM7XwutriOTg==/oat/x86_64/base.vdex (com.facebook.react.runtime.internal.bolts.Task$Companion$$ExternalSyntheticLambda4.run+12)
09-09 12:50:02.679  6817  6817 F DEBUG   :       #55 pc 000000000028a1c1  /system/framework/x86_64/boot.oat (java.util.concurrent.ThreadPoolExecutor.runWorker+769) (BuildId: 68b5d9df423be4ebd4a6c38087fc90e635afb135)
09-09 12:50:02.679  6817  6817 F DEBUG   :       #56 pc 000000000028795b  /system/framework/x86_64/boot.oat (java.util.concurrent.ThreadPoolExecutor$Worker.run+59) (BuildId: 68b5d9df423be4ebd4a6c38087fc90e635afb135)
09-09 12:50:02.679  6817  6817 F DEBUG   :       #57 pc 000000000015c3ba  /system/framework/x86_64/boot.oat (java.lang.Thread.run+74) (BuildId: 68b5d9df423be4ebd4a6c38087fc90e635afb135)
09-09 12:50:02.679  6817  6817 F DEBUG   :       #58 pc 0000000000212154  /apex/com.android.art/lib64/libart.so (art_quick_invoke_stub+756) (BuildId: 62338b1c62e3991543c9b8b8bae2b361)
09-09 12:50:02.679  6817  6817 F DEBUG   :       #59 pc 0000000000474bf5  /apex/com.android.art/lib64/libart.so (art::ArtMethod::Invoke(art::Thread*, unsigned int*, unsigned int, art::JValue*, char const*)+181) (BuildId: 62338b1c62e3991543c9b8b8bae2b361)
09-09 12:50:02.679  6817  6817 F DEBUG   :       #60 pc 00000000008c5cc3  /apex/com.android.art/lib64/libart.so (art::Thread::CreateCallback(void*)+1427) (BuildId: 62338b1c62e3991543c9b8b8bae2b361)
09-09 12:50:02.679  6817  6817 F DEBUG   :       #61 pc 00000000008c5725  /apex/com.android.art/lib64/libart.so (art::Thread::CreateCallbackWithUffdGc(void*)+5) (BuildId: 62338b1c62e3991543c9b8b8bae2b361)
09-09 12:50:02.680  6817  6817 F DEBUG   :       #62 pc 000000000006d62a  /apex/com.android.runtime/lib64/bionic/libc.so (__pthread_start(void*)+58) (BuildId: eb58b4d427279994f00c0e1818477e4f)
09-09 12:50:02.680  6817  6817 F DEBUG   :       #63 pc 0000000000060348  /apex/com.android.runtime/lib64/bionic/libc.so (__start_thread+56) (BuildId: eb58b4d427279994f00c0e1818477e4f)
09-09 12:50:02.759  2194  2201 I .apps.wellbeing: Background concurrent mark compact GC freed 3190KB AllocSpace bytes, 0(0B) LOS objects, 49% free, 4417KB/8835KB, paused 11.919ms,9.067ms total 600.063ms
09-09 12:50:02.763  2194  2204 W .apps.wellbeing: ApkAssets: Deleting an ApkAssets object '<empty> and /data/app/~~c6pAdVyvNxa4A1UYvO-Wqw==/com.google.android.youtube-HVQuSjLbdJjcKVn5kJGtuw==/base.apk' with 1 weak references
09-09 12:50:02.766  2194  2204 W .apps.wellbeing: ApkAssets: Deleting an ApkAssets object '<empty> and /data/app/~~c6pAdVyvNxa4A1UYvO-Wqw==/com.google.android.youtube-HVQuSjLbdJjcKVn5kJGtuw==/split_config.en.apk' with 1 weak references
09-09 12:50:02.767  2194  2204 W .apps.wellbeing: ApkAssets: Deleting an ApkAssets object '<empty> and /data/app/~~c6pAdVyvNxa4A1UYvO-Wqw==/com.google.android.youtube-HVQuSjLbdJjcKVn5kJGtuw==/split_config.x86_64.apk' with 1 weak references
09-09 12:50:02.768  2194  2204 W .apps.wellbeing: ApkAssets: Deleting an ApkAssets object '<empty> and /data/app/~~c6pAdVyvNxa4A1UYvO-Wqw==/com.google.android.youtube-HVQuSjLbdJjcKVn5kJGtuw==/split_config.xxhdpi.apk' with 1 weak references
09-09 12:50:02.773  2194  2204 W .apps.wellbeing: ApkAssets: Deleting an ApkAssets object '<empty> and /product/overlay/DisplayCutoutEmulationCorner/DisplayCutoutEmulationCornerOverlay.apk' with 1 weak references
09-09 12:50:02.773  2194  2204 W .apps.wellbeing: ApkAssets: Deleting an ApkAssets object '<empty> and /apex/com.android.extservices/priv-app/GoogleExtServices@350820300/GoogleExtServices.apk' with 1 weak references
09-09 12:50:02.775  2194  2204 W .apps.wellbeing: ApkAssets: Deleting an ApkAssets object '<empty> and /product/overlay/DisplayCutoutEmulationDouble/DisplayCutoutEmulationDoubleOverlay.apk' with 1 weak references
09-09 12:50:02.776  2194  2204 W .apps.wellbeing: ApkAssets: Deleting an ApkAssets object '<empty> and /system/priv-app/TelephonyProvider/TelephonyProvider.apk' with 1 weak references
09-09 12:50:02.777  2194  2204 W .apps.wellbeing: ApkAssets: Deleting an ApkAssets object '/product/overlay/TelephonyProvider__sdk_gphone64_x86_64__auto_generated_rro_product.apk' with 1 weak references
09-09 12:50:02.777  2194  2204 W .apps.wellbeing: ApkAssets: Deleting an ApkAssets object '<empty> and /system/priv-app/DynamicSystemInstallationService/DynamicSystemInstallationService.apk' with 1 weak references
09-09 12:50:02.778  2194  2204 W .apps.wellbeing: ApkAssets: Deleting an ApkAssets object '<empty> and /data/app/~~95JU3qG5lSvOR-cxPnXyag==/com.google.android.googlequicksearchbox-AaX4wSpaILTsAIgvV3MCAw==/base.apk' with 1 weak references
09-09 12:50:02.783  2194  2204 W .apps.wellbeing: ApkAssets: Deleting an ApkAssets object '<empty> and /data/app/~~95JU3qG5lSvOR-cxPnXyag==/com.google.android.googlequicksearchbox-AaX4wSpaILTsAIgvV3MCAw==/split_config.xxhdpi.apk' with 1 weak references
09-09 12:50:02.783   268   268 E tombstoned: Tombstone written to: tombstone_16
09-09 12:50:02.783   663  6831 I DropBoxManagerService: add tag=data_app_native_crash isTagEnabled=true flags=0x6
09-09 12:50:02.783  2194  2204 W .apps.wellbeing: ApkAssets: Deleting an ApkAssets object '<empty> and /data/app/~~95JU3qG5lSvOR-cxPnXyag==/com.google.android.googlequicksearchbox-AaX4wSpaILTsAIgvV3MCAw==/split_lens_ondevice_engine_play_ml_module.apk' with 1 weak references
09-09 12:50:02.783  2194  2204 W .apps.wellbeing: ApkAssets: Deleting an ApkAssets object '<empty> and /system/priv-app/CalendarProvider/CalendarProvider.apk' with 1 weak references
09-09 12:50:02.784  2194  2204 W .apps.wellbeing: ApkAssets: Deleting an ApkAssets object '<empty> and /product/priv-app/GoogleOneTimeInitializer/GoogleOneTimeInitializer.apk' with 1 weak references
09-09 12:50:02.787   663  6830 W ActivityTaskManager:   Force finishing activity com.petjiouser/.MainActivity
09-09 12:50:02.791  2194  2204 W .apps.wellbeing: ApkAssets: Deleting an ApkAssets object '<empty> and /system/app/GoogleExtShared/GoogleExtShared.apk' with 1 weak references
09-09 12:50:02.795   954  1021 V WindowManagerShell: Transition requested (#28): android.os.BinderProxy@72294a2 TransitionRequestInfo { type = CLOSE, triggerTask = null, pipTask = null, remoteTransition = null, displayChange = null, flags = 16, debugId = 28 }
09-09 12:50:02.795  2194  2204 W .apps.wellbeing: ApkAssets: Deleting an ApkAssets object '<empty> and /system/priv-app/ExternalStorageProvider/ExternalStorageProvider.apk' with 1 weak references
09-09 12:50:02.798  2194  2204 W .apps.wellbeing: ApkAssets: Deleting an ApkAssets object '<empty> and /system/app/HTMLViewer/HTMLViewer.apk' with 1 weak references
09-09 12:50:02.799  2194  2204 W .apps.wellbeing: ApkAssets: Deleting an ApkAssets object '<empty> and /system/app/CompanionDeviceManager/CompanionDeviceManager.apk' with 1 weak references
09-09 12:50:02.802  2194  2204 W .apps.wellbeing: ApkAssets: Deleting an ApkAssets object '<empty> and /system/priv-app/DownloadProvider/DownloadProvider.apk' with 1 weak references
09-09 12:50:02.802  2194  2204 W .apps.wellbeing: ApkAssets: Deleting an ApkAssets object '<empty> and /product/app/SoundPickerPrebuilt/SoundPickerPrebuilt.apk' with 1 weak references
09-09 12:50:02.802  2194  2204 W .apps.wellbeing: ApkAssets: Deleting an ApkAssets object '<empty> and /apex/com.android.mediaprovider/priv-app/MediaProviderGoogle@350820300/MediaProviderGoogle.apk' with 1 weak references
09-09 12:50:02.804  2194  2204 W .apps.wellbeing: ApkAssets: Deleting an ApkAssets object '<empty> and /data/app/~~4u2682KpK5dBumdnGW6_SA==/com.google.android.apps.safetyhub-_n4o5K0V8ySm6ku_N-Kyjw==/base.apk' with 1 weak references
09-09 12:50:02.808  2194  2204 W .apps.wellbeing: ApkAssets: Deleting an ApkAssets object '<empty> and /data/app/~~4u2682KpK5dBumdnGW6_SA==/com.google.android.apps.safetyhub-_n4o5K0V8ySm6ku_N-Kyjw==/split_config.xxhdpi.apk' with 1 weak references
09-09 12:50:02.809  2194  2204 W .apps.wellbeing: ApkAssets: Deleting an ApkAssets object '<empty> and /system/priv-app/DownloadProviderUi/DownloadProviderUi.apk' with 1 weak references
09-09 12:50:02.810   663   697 D CompatChangeReporter: Compat change id reported: 296060945; UID 10144; state: ENABLED
09-09 12:50:02.810  2194  2204 W .apps.wellbeing: ApkAssets: Deleting an ApkAssets object '<empty> and /apex/com.android.wifi/app/OsuLoginGoogle@350820300/OsuLoginGoogle.apk' with 1 weak references
09-09 12:50:02.811  2194  2204 W .apps.wellbeing: ApkAssets: Deleting an ApkAssets object '<empty> and /data/app/~~QzVneYLUg2Spv33z0Kc_hw==/com.android.vending-BizYI9np-kuEgMuMu4AzTw==/base.apk' with 1 weak references
09-09 12:50:02.811  2194  2204 W .apps.wellbeing: ApkAssets: Deleting an ApkAssets object '<empty> and /data/app/~~QzVneYLUg2Spv33z0Kc_hw==/com.android.vending-BizYI9np-kuEgMuMu4AzTw==/split_config.en.apk' with 1 weak references
09-09 12:50:02.814  1256  1256 I TopTaskTracker: onTaskMovedToFront: (moved taskInfo to front) taskId=59, baseIntent=Intent { act=android.intent.action.MAIN cat=[android.intent.category.HOME] flg=0x10000100 cmp=com.google.android.apps.nexuslauncher/.NexusLauncherActivity }
09-09 12:50:02.819  2194  2204 W .apps.wellbeing: ApkAssets: Deleting an ApkAssets object '<empty> and /data/app/~~QzVneYLUg2Spv33z0Kc_hw==/com.android.vending-BizYI9np-kuEgMuMu4AzTw==/split_config.x86_64.apk' with 1 weak references
09-09 12:50:02.819   495   495 I BpBinder: onLastStrongRef automatically unlinking death recipients: 
09-09 12:50:02.819  2194  2204 W .apps.wellbeing: ApkAssets: Deleting an ApkAssets object '<empty> and /data/app/~~QzVneYLUg2Spv33z0Kc_hw==/com.android.vending-BizYI9np-kuEgMuMu4AzTw==/split_phonesky_data_loader.apk' with 1 weak references
09-09 12:50:02.820  2194  2204 W .apps.wellbeing: ApkAssets: Deleting an ApkAssets object '<empty> and /data/app/~~QzVneYLUg2Spv33z0Kc_hw==/com.android.vending-BizYI9np-kuEgMuMu4AzTw==/split_phonesky_data_loader.config.x86_64.apk' with 1 weak references
09-09 12:50:02.828  2194  2204 W .apps.wellbeing: ApkAssets: Deleting an ApkAssets object '<empty> and /system/app/PacProcessor/PacProcessor.apk' with 1 weak references
09-09 12:50:02.829  2194  2204 W .apps.wellbeing: ApkAssets: Deleting an ApkAssets object '<empty> and /system/app/SimAppDialog/SimAppDialog.apk' with 1 weak references
09-09 12:50:02.831  2194  2204 W .apps.wellbeing: ApkAssets: Deleting an ApkAssets object '/product/overlay/SimAppDialog__sdk_gphone64_x86_64__auto_generated_rro_product.apk' with 1 weak references
09-09 12:50:02.831  2194  2204 W .apps.wellbeing: ApkAssets: Deleting an ApkAssets object '<empty> and /apex/com.android.adservices/priv-app/AdServicesApkGoogle@350820260/AdServicesApkGoogle.apk' with 1 weak references
09-09 12:50:02.850   663   784 I DropBoxManagerService: add tag=SYSTEM_TOMBSTONE_PROTO_WITH_HEADERS isTagEnabled=true flags=0x4
09-09 12:50:02.890   663  2782 I WindowManager: WIN DEATH: Window{ad0b9e4 u0 com.petjiouser/com.petjiouser.MainActivity}
09-09 12:50:02.897   663  1069 I ActivityManager: Process com.petjiouser (pid 6736) has died: fg  TOP 
09-09 12:50:02.897   663  2782 W InputManager-JNI: Input channel object 'ad0b9e4 com.petjiouser/com.petjiouser.MainActivity (client)' was disposed without first being removed with the input manager!
09-09 12:50:02.900   424   424 I Zygote  : Process 6736 exited due to signal 6 (Aborted)
09-09 12:50:02.904   663   713 I libprocessgroup: Removed cgroup /sys/fs/cgroup/uid_10220/pid_6736
09-09 12:50:02.932   663   698 D DisplayManagerService: Drop pending events for gone uid 10220
09-09 12:50:02.939   663   700 W ActivityManager: setHasOverlayUi called on unknown pid: 6736
09-09 12:50:02.956   663   853 D InetDiagMessage: Destroyed 0 sockets, proto=IPPROTO_TCP, family=AF_INET, states=14
09-09 12:50:02.962   663   853 D InetDiagMessage: Destroyed 0 sockets, proto=IPPROTO_TCP, family=AF_INET6, states=14
09-09 12:50:02.962   663   853 D InetDiagMessage: Destroyed live tcp sockets for uids={10220} in 14ms
09-09 12:50:02.965   663   853 D InetDiagMessage: Destroyed 0 sockets, proto=IPPROTO_TCP, family=AF_INET, states=14
09-09 12:50:02.971  1256  1256 D NexusLauncherModelDelegate: notifySmartspaceEvent: SmartspaceTargetEvent{mSmartspaceTarget=null, mSmartspaceActionId='null', mEventType=6}
09-09 12:50:02.978   663   784 I BootReceiver: Copying /data/tombstones/tombstone_16 to DropBox (SYSTEM_TOMBSTONE)
09-09 12:50:02.979   663   784 I DropBoxManagerService: add tag=SYSTEM_TOMBSTONE isTagEnabled=true flags=0x6
09-09 12:50:02.981   663   853 D InetDiagMessage: Destroyed 0 sockets, proto=IPPROTO_TCP, family=AF_INET6, states=14
09-09 12:50:02.981   663   853 D InetDiagMessage: Destroyed live tcp sockets for uids={20220} in 19ms
09-09 12:50:02.986   954  1021 D WindowManagerShell: setLauncherKeepClearAreaHeight: visible=true, height=683
09-09 12:50:03.026  1256  1256 D BaseDepthController: setSurface:
09-09 12:50:03.026  1256  1256 D BaseDepthController: 	mWaitingOnSurfaceValidity: false
09-09 12:50:03.026  1256  1256 D BaseDepthController: 	mSurface: Surface(name=com.google.android.apps.nexuslauncher/com.google.android.apps.nexuslauncher.NexusLauncherActivity)/@0x424bdad
09-09 12:50:03.175  1256  1256 D StatsLog: LAUNCHER_ONRESUME
09-09 12:50:03.182   663  1575 W AppSearchIcing: icing-search-engine.cc:321: Error: 5, Message: Document (com.google.android.googlequicksearchbox$OneSearchZeroStateGoogleSuggestions/default, zp) not found.
09-09 12:50:03.198  1256  1301 D QuickstepModelDelegate: notifyAppTargetEvent action=1 launchLocation=workspace/0/[-1,-1]/[1,1]
09-09 12:50:03.203  1256  1733 D OneSearchSuggestProvider: AppSearch 0-state cache not available, fallback to AGA
09-09 12:50:03.203  1256  1733 D OneSearchSuggestProvider: java.util.concurrent.CompletionException: java.util.NoSuchElementException: No value present
09-09 12:50:03.203  1256  1733 D OneSearchSuggestProvider: 	at java.util.concurrent.CompletableFuture.encodeThrowable(CompletableFuture.java:308)
09-09 12:50:03.203  1256  1733 D OneSearchSuggestProvider: 	at java.util.concurrent.CompletableFuture.completeThrowable(CompletableFuture.java:323)
09-09 12:50:03.203  1256  1733 D OneSearchSuggestProvider: 	at java.util.concurrent.CompletableFuture$UniAccept.tryFire(CompletableFuture.java:684)
09-09 12:50:03.203  1256  1733 D OneSearchSuggestProvider: 	at java.util.concurrent.CompletableFuture.postComplete(CompletableFuture.java:486)
09-09 12:50:03.203  1256  1733 D OneSearchSuggestProvider: 	at java.util.concurrent.CompletableFuture.completeExceptionally(CompletableFuture.java:2138)
09-09 12:50:03.203  1256  1733 D OneSearchSuggestProvider: 	at com.google.android.apps.nexuslauncher.allapps.E0.onResult(go/retraceme 2855a437b73635ce9cad76b9289087e631bbb67fc90008a0da13d343a00e5041:67)
09-09 12:50:03.203  1256  1733 D OneSearchSuggestProvider: 	at android.app.appsearch.SearchSessionUtil$1.lambda$onResult$0(go/retraceme 64eee9e9f568ff45978879ad2ff83146f2618ee8a88278736fbdf5fae931976e:144)
09-09 12:50:03.203  1256  1733 D OneSearchSuggestProvider: 	at android.app.appsearch.SearchSessionUtil$1.$r8$lambda$CEk3q8sDAQVhU3rQwVueB8FAj_M(go/retraceme 64eee9e9f568ff45978879ad2ff83146f2618ee8a88278736fbdf5fae931976e:1)
09-09 12:50:03.203  1256  1733 D OneSearchSuggestProvider: 	at android.app.appsearch.SearchSessionUtil$1$$ExternalSyntheticLambda0.run(go/retraceme 64eee9e9f568ff45978879ad2ff83146f2618ee8a88278736fbdf5fae931976e:22)
09-09 12:50:03.203  1256  1733 D OneSearchSuggestProvider: 	at android.os.Handler.handleCallback(Handler.java:959)
09-09 12:50:03.203  1256  1733 D OneSearchSuggestProvider: 	at android.os.Handler.dispatchMessage(Handler.java:100)
09-09 12:50:03.203  1256  1733 D OneSearchSuggestProvider: 	at android.os.Looper.loopOnce(Looper.java:232)
09-09 12:50:03.203  1256  1733 D OneSearchSuggestProvider: 	at android.os.Looper.loop(Looper.java:317)
09-09 12:50:03.203  1256  1733 D OneSearchSuggestProvider: 	at android.os.HandlerThread.run(HandlerThread.java:85)
09-09 12:50:03.203  1256  1733 D OneSearchSuggestProvider: Caused by: java.util.NoSuchElementException: No value present
09-09 12:50:03.203  1256  1733 D OneSearchSuggestProvider: 	at java.util.Optional.get(Optional.java:143)
09-09 12:50:03.203  1256  1733 D OneSearchSuggestProvider: 	at com.google.android.apps.nexuslauncher.allapps.E0.onResult(go/retraceme 2855a437b73635ce9cad76b9289087e631bbb67fc90008a0da13d343a00e5041:28)
09-09 12:50:03.203  1256  1733 D OneSearchSuggestProvider: 	... 8 more
09-09 12:50:03.206  1256  1733 D OneSearchSuggestProvider: Created the binder channel successfully for end point service =com.google.android.apps.search.googleapp.search.suggest.plugins.onesearch.server.OneSearchSuggestService , mChannel=i1{delegate=f{logId=37, target=directaddress:///AndroidComponentAddress%5BIntent%20%7B%20act=grpc.io.action.BIND%20cmp=com.google.android.googlequicksearchbox/com.google.android.apps.search.googleapp.search.suggest.plugins.onesearch.server.OneSearchSuggestService%20%7D%5D}} , mOneSearchConnection=l2.Z@b9c500b
09-09 12:50:03.208   954  1659 V WindowManagerShell: onTransitionReady(transaction=2847563318529)
09-09 12:50:03.223   954  1021 V WindowManagerShell: onTransitionReady (#28) android.os.BinderProxy@72294a2: {id=28 t=CLOSE f=0x10 trk=0 r=[0@Point(0, 0)] c=[{WCT{android.window.IWindowContainerToken$Stub$Proxy@a97918f} m=TO_FRONT f=SHOW_WALLPAPER|MOVE_TO_TOP leash=Surface(name=Task=1)/@0xa4ed533 sb=Rect(0, 0 - 1344, 2992) eb=Rect(0, 0 - 1344, 2992) d=0 taskParent=-1},{WCT{android.window.IWindowContainerToken$Stub$Proxy@47cbc1c} m=CLOSE f=NONE leash=Surface(name=Task=65)/@0xf880f0 sb=Rect(0, 0 - 1344, 2992) eb=Rect(0, 0 - 1344, 2992) d=0 taskParent=-1},{null m=TO_FRONT f=IS_WALLPAPER leash=Surface(name=WallpaperWindowToken{938ea72 token=android.os.Binder@784cb7d})/@0xab83669 sb=Rect(0, 0 - 1344, 2992) eb=Rect(0, 0 - 1344, 2992) d=0}]}
09-09 12:50:03.227   954  1021 V WindowManagerShell: Playing animation for (#28) android.os.BinderProxy@72294a2@0
09-09 12:50:03.228   954  1021 V WindowManagerShell:  try handler com.android.wm.shell.transition.DefaultMixedHandler@11f2f4
09-09 12:50:03.228   954  1021 V WindowManagerShell:  try handler com.android.wm.shell.keyguard.KeyguardTransitionHandler@c62fa1d
09-09 12:50:03.228   954  1021 V WindowManagerShell:  try handler com.android.wm.shell.pip.PipTransition@dc78492
09-09 12:50:03.228   954  1021 V WindowManagerShell:  try handler com.android.wm.shell.activityembedding.ActivityEmbeddingController@3441e63
09-09 12:50:03.228   954  1021 V WindowManagerShell:  try handler com.android.wm.shell.recents.RecentsTransitionHandler@8d54a60
09-09 12:50:03.228   954  1021 V ShellRecents: RecentsTransitionHandler.startAnimation: no controller found
09-09 12:50:03.228   954  1021 V WindowManagerShell:  try handler com.android.wm.shell.splitscreen.StageCoordinator@5ba1b19
09-09 12:50:03.228   954  1021 V WindowManagerShell:  try handler com.android.wm.shell.transition.RemoteTransitionHandler@2d557de
09-09 12:50:03.228   954  1021 V WindowManagerShell: Transition doesn't have explicit remote, search filters for match for {id=28 t=CLOSE f=0x10 trk=0 r=[0@Point(0, 0)] c=[{WCT{android.window.IWindowContainerToken$Stub$Proxy@a97918f} m=TO_FRONT f=SHOW_WALLPAPER|MOVE_TO_TOP leash=Surface(name=Task=1)/@0xa4ed533 sb=Rect(0, 0 - 1344, 2992) eb=Rect(0, 0 - 1344, 2992) d=0 taskParent=-1},{WCT{android.window.IWindowContainerToken$Stub$Proxy@47cbc1c} m=CLOSE f=NONE leash=Surface(name=Task=65)/@0xf880f0 sb=Rect(0, 0 - 1344, 2992) eb=Rect(0, 0 - 1344, 2992) d=0 taskParent=-1},{null m=TO_FRONT f=IS_WALLPAPER leash=Surface(name=WallpaperWindowToken{938ea72 token=android.os.Binder@784cb7d})/@0xab83669 sb=Rect(0, 0 - 1344, 2992) eb=Rect(0, 0 - 1344, 2992) d=0}]}
09-09 12:50:03.228   954  1021 V WindowManagerShell:  Checking filter Pair{{types=[] flags=0x0] notFlags=0x0 checks=[{atype=undefined independent=true modes=[OPEN,TO_FRONT] flags=IN_TASK_WITH_EMBEDDED_ACTIVITY mustBeTask=false order=ANY topActivity=ComponentInfo{com.google.android.apps.nexuslauncher/com.google.android.apps.nexuslauncher.NexusLauncherActivity} launchCookie=null},{atype=undefined independent=true modes=[CLOSE,TO_BACK] flags=IN_TASK_WITH_EMBEDDED_ACTIVITY mustBeTask=false order=ANY topActivity=null launchCookie=null}]} RemoteTransition { remoteTransition = android.window.IRemoteTransition$Stub$Proxy@ef866b4, appThread = android.app.IApplicationThread$Stub$Proxy@246c2dd, debugName = OverlaySwipeBack }}
09-09 12:50:03.228   954  1021 V WindowManagerShell:  Checking filter Pair{{types=[] flags=0x0] notFlags=0x0 checks=[{atype=dream independent=true modes=[OPEN,TO_FRONT] flags=NONE mustBeTask=false order=ANY topActivity=null launchCookie=null},{atype=home independent=true modes=[CLOSE,TO_BACK] flags=NONE mustBeTask=false order=ANY topActivity=null launchCookie=null}]} RemoteTransition { remoteTransition = android.window.IRemoteTransition$Stub$Proxy@b6e7e52, appThread = android.app.IApplicationThread$Stub$Proxy@df4f523, debugName = LauncherToDream }}
09-09 12:50:03.228   954  1021 V WindowManagerShell:  Checking filter Pair{{types=[] flags=0x0] notFlags=0x100 checks=[{atype=home independent=true modes=[OPEN,TO_FRONT] flags=NONE mustBeTask=false order=TOP topActivity=ComponentInfo{com.google.android.apps.nexuslauncher/com.google.android.apps.nexuslauncher.NexusLauncherActivity} launchCookie=null},{atype=standard independent=true modes=[CLOSE,TO_BACK] flags=NONE mustBeTask=false order=ANY topActivity=null launchCookie=null}]} RemoteTransition { remoteTransition = android.window.IRemoteTransition$Stub$Proxy@f3a20, appThread = android.app.IApplicationThread$Stub$Proxy@ef1afd9, debugName = QuickstepLaunchHome }}
09-09 12:50:03.230   954  1021 D RemoteTransitionHandler: Found filterPair{{types=[] flags=0x0] notFlags=0x100 checks=[{atype=home independent=true modes=[OPEN,TO_FRONT] flags=NONE mustBeTask=false order=TOP topActivity=ComponentInfo{com.google.android.apps.nexuslauncher/com.google.android.apps.nexuslauncher.NexusLauncherActivity} launchCookie=null},{atype=standard independent=true modes=[CLOSE,TO_BACK] flags=NONE mustBeTask=false order=ANY topActivity=null launchCookie=null}]} RemoteTransition { remoteTransition = android.window.IRemoteTransition$Stub$Proxy@f3a20, appThread = android.app.IApplicationThread$Stub$Proxy@ef1afd9, debugName = QuickstepLaunchHome }}
09-09 12:50:03.230   954  1021 V WindowManagerShell:  Delegate animation for (#28) to RemoteTransition { remoteTransition = android.window.IRemoteTransition$Stub$Proxy@f3a20, appThread = android.app.IApplicationThread$Stub$Proxy@ef1afd9, debugName = QuickstepLaunchHome }
09-09 12:50:03.254  1256  1256 D StateManager: createAtomicAnimation - fromState: Background, toState: Normal, partial trace:
09-09 12:50:03.254  1256  1256 D StateManager: 	at com.android.quickstep.util.StaggeredWorkspaceAnim.prepareToAnimate(go/retraceme 2855a437b73635ce9cad76b9289087e631bbb67fc90008a0da13d343a00e5041:22)
09-09 12:50:03.254  1256  1256 D StateManager: 	at com.android.quickstep.util.StaggeredWorkspaceAnim.<init>(go/retraceme 2855a437b73635ce9cad76b9289087e631bbb67fc90008a0da13d343a00e5041:4)
09-09 12:50:03.254  1256  1256 D StateManager: 	at com.android.quickstep.util.StaggeredWorkspaceAnim.<init>(go/retraceme 2855a437b73635ce9cad76b9289087e631bbb67fc90008a0da13d343a00e5041:1)
09-09 12:50:03.260   663  2782 D ActivityManager: sync unfroze 5778 com.google.android.googlequicksearchbox:googleapp for 6
09-09 12:50:03.271  1527  1974 I AiAiEcho: Predicting[0]:  [CONTEXT sampling_count=5 ]
09-09 12:50:03.271  1527  1974 I AiAiEcho: EchoTargets: 
09-09 12:50:03.271  1527  1974 I AiAiEcho: Filtered by AiAi flag check: 
09-09 12:50:03.271  1527  1974 I AiAiEcho: [CONTEXT ratelimit_period="10 SECONDS" ]
09-09 12:50:03.272  1527  1974 I AiAiEcho: Ranked targets strategy: SORT, count: 0, ranking metadata:  [CONTEXT ratelimit_period="10 SECONDS" ]
09-09 12:50:03.272  1527  1974 I AiAiEcho: #remoteViewsTwiddler: feature disabled.
09-09 12:50:03.275  1527  1974 I AiAiEcho: #postPredictionTargets: Sending updates to UISurface home with targets# 0 (types=[])
09-09 12:50:03.298   663   697 V WindowManager: Sent Transition (#28) createdAt=09-09 12:50:02.787 via request=TransitionRequestInfo { type = CLOSE, triggerTask = null, pipTask = null, remoteTransition = null, displayChange = null, flags = 16, debugId = 28 }
09-09 12:50:03.298   663   697 V WindowManager:     startWCT=WindowContainerTransaction { changes = {} hops = [] errorCallbackToken=null taskFragmentOrganizer=null }
09-09 12:50:03.298   663   697 V WindowManager:     info={id=28 t=CLOSE f=0x10 trk=0 r=[0@Point(0, 0)] c=[
09-09 12:50:03.298   663   697 V WindowManager:         {WCT{RemoteToken{2174a3f Task{e2ce4e3 #1 type=home}}} m=TO_FRONT f=SHOW_WALLPAPER|MOVE_TO_TOP leash=Surface(name=Task=1)/@0x4fedc31 sb=Rect(0, 0 - 1344, 2992) eb=Rect(0, 0 - 1344, 2992) d=0 taskParent=-1},
09-09 12:50:03.298   663   697 V WindowManager:         {WCT{RemoteToken{e72963 Task{87dd5f7 #65 type=standard A=10220:com.petjiouser}}} m=CLOSE f=NONE leash=Surface(name=Task=65)/@0xeded7c7 sb=Rect(0, 0 - 1344, 2992) eb=Rect(0, 0 - 1344, 2992) d=0 taskParent=-1},
09-09 12:50:03.298   663   697 V WindowManager:         {null m=TO_FRONT f=IS_WALLPAPER leash=Surface(name=WallpaperWindowToken{938ea72 token=android.os.Binder@784cb7d})/@0xea64c38 sb=Rect(0, 0 - 1344, 2992) eb=Rect(0, 0 - 1344, 2992) d=0}
09-09 12:50:03.298   663   697 V WindowManager:     ]}
09-09 12:50:03.311   954  1021 V WindowManagerShell:  animated by com.android.wm.shell.transition.RemoteTransitionHandler@2d557de
09-09 12:50:03.315   663  1069 W ActivityTaskManager: Request to remove task ignored for non-existent task 64
09-09 12:50:03.316  1256  1635 D EGL_emulation: app_time_stats: avg=1020.85ms min=60.91ms max=4724.60ms count=5
09-09 12:50:03.319   663   700 W ActivityTaskManager: Activity top resumed state loss timeout for ActivityRecord{efc1215 u0 com.petjiouser/.MainActivity t65 f} isExiting}
09-09 12:50:03.329   663  2783 W UserManagerService: Requested status bar icon for non-badged user 0
09-09 12:50:03.377   663   809 I ImeTracker: com.google.android.apps.nexuslauncher:b01cc980: onRequestHide at ORIGIN_SERVER reason HIDE_SAME_WINDOW_FOCUSED_WITHOUT_EDITOR fromUser false
09-09 12:50:03.377   663   809 I ImeTracker: com.google.android.apps.nexuslauncher:b01cc980: onCancelled at PHASE_SERVER_SHOULD_HIDE
09-09 12:50:03.387  5778  5778 I eobj    : (REDACTED) Created gRPC endpoint for service %s
09-09 12:50:03.394  1449  1449 I GoogleInputMethodService: GoogleInputMethodService.onFinishInput():2054 
09-09 12:50:03.407  1449  1449 I Module  : DeviceLockedStatusModuleProvider$Module.updateDeviceLockedStatus():100 repeatCheckTimes = 0, locked = false
09-09 12:50:03.418  1202  6683 E IPCThreadState: Binder transaction failure. id: 462236, BR_*: 29189, error: -22 (Invalid argument)
09-09 12:50:03.420  1202  6683 W GCM     : Failed sending response to request: 2
09-09 12:50:03.428   663   760 W ActivityManager: pid 1202 com.google.android.gms.persistent sent binder code 1 with flags 1 to frozen apps and got error -32
09-09 12:50:03.429  1449  1449 I GoogleInputMethodService: GoogleInputMethodService.onStartInput():1315 onStartInput(EditorInfo{EditorInfo{packageName=com.google.android.apps.nexuslauncher, inputType=0, inputTypeString=NULL, enableLearning=false, autoCorrection=false, autoComplete=false, imeOptions=0, privateImeOptions=null, actionName=UNSPECIFIED, actionLabel=null, initialSelStart=-1, initialSelEnd=-1, initialCapsMode=0, label=null, fieldId=0, fieldName=null, extras=null, hintText=null, hintLocales=[]}}, false)
09-09 12:50:03.439  1449  1449 I Module  : DeviceLockedStatusModuleProvider$Module.updateDeviceLockedStatus():100 repeatCheckTimes = 1, locked = false
09-09 12:50:03.449   663  2258 W PackageConfigPersister: App-specific configuration not found for packageName: com.google.android.apps.nexuslauncher and userId: 0
09-09 12:50:03.737   495   505 W VsyncModulator: setTransactionSchedule: Unexpected EarlyEnd
09-09 12:50:03.801  1256  1268 I s.nexuslauncher: NativeAlloc concurrent mark compact GC freed 1961KB AllocSpace bytes, 12(960KB) LOS objects, 49% free, 7825KB/15MB, paused 1.508ms,8.071ms total 136.264ms
09-09 12:50:03.847  1256  1270 W s.nexuslauncher: ApkAssets: Deleting an ApkAssets object '<empty> and /data/app/~~vorXu4hsceWXkey0emhiwQ==/com.google.android.apps.wellbeing-AxbEUJR4Wg6OtEkJDhQ3dA==/base.apk' with 1 weak references
09-09 12:50:03.849  1256  1270 W s.nexuslauncher: ApkAssets: Deleting an ApkAssets object '<empty> and /data/app/~~vorXu4hsceWXkey0emhiwQ==/com.google.android.apps.wellbeing-AxbEUJR4Wg6OtEkJDhQ3dA==/split_config.xxhdpi.apk' with 1 weak references
09-09 12:50:03.852  1256  1270 W s.nexuslauncher: ApkAssets: Deleting an ApkAssets object '<empty> and /data/app/~~Dl5oMMVQVFHwwIIJuPj6Tg==/com.petjiouser--z2e0ipfzfPM7XwutriOTg==/base.apk' with 1 weak references
09-09 12:50:03.892  1256  1256 D SsBaseTemplateCard: No text view can be set up
09-09 12:50:03.892  1256  1256 D SsBaseTemplateCard: Passed-in item info is null
09-09 12:50:03.892  1256  1256 D SsBaseTemplateCard: Passed-in item info is null
09-09 12:50:03.892  1256  1256 D SsBaseTemplateCard: Passed-in item info is null
09-09 12:50:03.892  1256  1256 I SsBaseTemplateCard: Secondary card pane is null
09-09 12:50:03.898   954  1021 V WindowManagerShell: Transition animation finished (aborted=false), notifying core (#28) android.os.BinderProxy@72294a2@0
09-09 12:50:03.917   663   697 V WindowManager: Finish Transition (#28): created at 09-09 12:50:02.787 collect-started=0.242ms request-sent=0.476ms started=24.733ms ready=147.885ms sent=416.431ms finished=1128.022ms
09-09 12:50:03.923   663   760 E IPCThreadState: Binder transaction failure. id: 462626, BR_*: 29189, error: -22 (Invalid argument)
09-09 12:50:03.923   663   760 W ActivityManager: pid 663 system sent binder code 7 with flags 1 to frozen apps and got error -32
09-09 12:50:03.923   663   760 D ActivityManager: Too many transaction errors, throttling freezer binder callback.
09-09 12:50:03.932   663   760 W WindowManager: Exception thrown during dispatchAppVisibility Window{ad0b9e4 u0 com.petjiouser/com.petjiouser.MainActivity EXITING}
09-09 12:50:03.932   663   760 W WindowManager: android.os.DeadObjectException
09-09 12:50:03.932   663   760 W WindowManager: 	at android.os.BinderProxy.transactNative(Native Method)
09-09 12:50:03.932   663   760 W WindowManager: 	at android.os.BinderProxy.transact(BinderProxy.java:586)
09-09 12:50:03.932   663   760 W WindowManager: 	at android.view.IWindow$Stub$Proxy.dispatchAppVisibility(IWindow.java:553)
09-09 12:50:03.932   663   760 W WindowManager: 	at com.android.server.wm.WindowState.sendAppVisibilityToClients(WindowState.java:3253)
09-09 12:50:03.932   663   760 W WindowManager: 	at com.android.server.wm.WindowContainer.sendAppVisibilityToClients(WindowContainer.java:1289)
09-09 12:50:03.932   663   760 W WindowManager: 	at com.android.server.wm.WindowToken.setClientVisible(WindowToken.java:403)
09-09 12:50:03.932   663   760 W WindowManager: 	at com.android.server.wm.ActivityRecord.setClientVisible(ActivityRecord.java:7166)
09-09 12:50:03.932   663   760 W WindowManager: 	at com.android.server.wm.ActivityRecord.postApplyAnimation(ActivityRecord.java:5881)
09-09 12:50:03.932   663   760 W WindowManager: 	at com.android.server.wm.ActivityRecord.commitVisibility(ActivityRecord.java:5823)
09-09 12:50:03.932   663   760 W WindowManager: 	at com.android.server.wm.Transition.finishTransition(Transition.java:1286)
09-09 12:50:03.932   663   760 W WindowManager: 	at com.android.server.wm.TransitionController.finishTransition(TransitionController.java:937)
09-09 12:50:03.932   663   760 W WindowManager: 	at com.android.server.wm.WindowOrganizerController.finishTransition(WindowOrganizerController.java:494)
09-09 12:50:03.932   663   760 W WindowManager: 	at android.window.IWindowOrganizerController$Stub.onTransact(IWindowOrganizerController.java:289)
09-09 12:50:03.932   663   760 W WindowManager: 	at com.android.server.wm.WindowOrganizerController.onTransact(WindowOrganizerController.java:204)
09-09 12:50:03.932   663   760 W WindowManager: 	at android.os.Binder.execTransactInternal(Binder.java:1505)
09-09 12:50:03.932   663   760 W WindowManager: 	at android.os.Binder.execTransact(Binder.java:1444)
09-09 12:50:03.934   663   760 W Process : Unable to open /proc/6736/status
09-09 12:50:03.956   954  1021 V WindowManagerShell: Track 0 became idle
09-09 12:50:03.956   954  1021 V WindowManagerShell: All active transition animations finished
09-09 12:50:03.986   663  1069 W UserManagerService: Requested status bar icon for non-badged user 0
09-09 12:50:03.988   663  1069 W UserManagerService: Requested status bar icon for non-badged user 0
09-09 12:50:04.011  1256  1256 I TopTaskTracker: onTaskRemoved: taskId=65
09-09 12:50:04.011  1256  1256 I TopTaskTracker: onTaskRemoved: taskId=65
09-09 12:50:04.021   495   495 E BpTransactionCompletedListener: Failed to transact (-32)
09-09 12:50:04.032  1256  1256 D SearchTargetUtil: queryLength=0 size=30
09-09 12:50:04.032  1256  1256 D SearchTargetUtil: layoutType=short_icon_row resultType=131072 packageName=com.google.android.googlequicksearchbox extras=Bundle{suggestion_type=36,suggest_truncate_start=false,is_answer=false,is_entity=false,is_personal=true,suggest_raw_text=images,input_query=android.app.search.Query@b4dc884,group_id=web1699176,response_id=1beae475-bc79-4f26-ae78-a349289ce673,support_query_builder=true,} searchAction=images searchActionExtras=Bundle{learn_more_url=https://support.google.com/websearch/?p=delete_recent_history&hl=en,suggestion_action_text=Delete,should_start_for_result=true,allow_pinning=true,skip_logging_in_target_handler=true,suggestion_action_rpc=1,}ParentID: null targetID: 598a8b11-a0e1-4105-b512-23b88fd40b4b
09-09 12:50:04.033  1256  1256 D SearchTargetUtil: layoutType=short_icon_row resultType=131072 packageName=com.google.android.googlequicksearchbox extras=Bundle{suggestion_type=36,suggest_truncate_start=false,is_answer=false,is_entity=false,is_personal=true,suggest_raw_text=how to remove tor browser,input_query=android.app.search.Query@b4dc884,group_id=web1699176,response_id=1beae475-bc79-4f26-ae78-a349289ce673,support_query_builder=true,} searchAction=how to remove tor browser searchActionExtras=Bundle{learn_more_url=https://support.google.com/websearch/?p=delete_recent_history&hl=en,suggestion_action_text=Delete,should_start_for_result=true,allow_pinning=true,skip_logging_in_target_handler=true,suggestion_action_rpc=1,}ParentID: null targetID: f62c3f63-739b-4494-81c9-9a5dc1ea7630
09-09 12:50:04.033  1256  1256 D SearchTargetUtil: layoutType=short_icon_row resultType=131072 packageName=com.google.android.googlequicksearchbox extras=Bundle{suggestion_type=36,suggest_truncate_start=false,is_answer=false,is_entity=false,is_personal=true,suggest_raw_text=olx,input_query=android.app.search.Query@b4dc884,group_id=web1699176,response_id=1beae475-bc79-4f26-ae78-a349289ce673,support_query_builder=true,} searchAction=olx searchActionExtras=Bundle{learn_more_url=https://support.google.com/websearch/?p=delete_recent_history&hl=en,suggestion_action_text=Delete,should_start_for_result=true,allow_pinning=true,skip_logging_in_target_handler=true,suggestion_action_rpc=1,}ParentID: null targetID: 026a66cb-4df2-4029-88dc-92f0aaed9046
09-09 12:50:04.033  1256  1256 D SearchTargetUtil: layoutType=short_icon_row resultType=131072 packageName=com.google.android.googlequicksearchbox extras=Bundle{suggestion_type=36,suggest_truncate_start=false,is_answer=false,is_entity=false,is_personal=true,suggest_raw_text=gpt 4.1 vs claude 4,input_query=android.app.search.Query@b4dc884,group_id=web1699176,response_id=1beae475-bc79-4f26-ae78-a349289ce673,support_query_builder=true,} searchAction=gpt 4.1 vs claude 4 searchActionExtras=Bundle{learn_more_url=https://support.google.com/websearch/?p=delete_recent_history&hl=en,suggestion_action_text=Delete,should_start_for_result=true,allow_pinning=true,skip_logging_in_target_handler=true,suggestion_action_rpc=1,}ParentID: null targetID: 4aaf1d66-d6c1-419a-b2c8-299ae659960d
09-09 12:50:04.033  1256  1256 D SearchTargetUtil: layoutType=short_icon_row resultType=131072 packageName=com.google.android.googlequicksearchbox extras=Bundle{suggestion_type=36,suggest_truncate_start=false,is_answer=false,is_entity=false,is_personal=true,suggest_raw_text=api documentation example,input_query=android.app.search.Query@b4dc884,group_id=web1699176,response_id=1beae475-bc79-4f26-ae78-a349289ce673,support_query_builder=true,} searchAction=api documentation example searchActionExtras=Bundle{learn_more_url=https://support.google.com/websearch/?p=delete_recent_history&hl=en,suggestion_action_text=Delete,should_start_for_result=true,allow_pinning=true,skip_logging_in_target_handler=true,suggestion_action_rpc=1,}ParentID: null targetID: 586b68ed-9d9f-4b91-a8df-ba205bb65d84
09-09 12:50:04.033  1256  1256 D SearchTargetUtil: layoutType=short_icon_row resultType=131072 packageName=com.google.android.googlequicksearchbox extras=Bundle{suggestion_type=36,suggest_truncate_start=false,is_answer=false,is_entity=false,is_personal=true,suggest_raw_text=netflix,input_query=android.app.search.Query@b4dc884,group_id=web1699176,response_id=1beae475-bc79-4f26-ae78-a349289ce673,support_query_builder=true,} searchAction=netflix searchActionExtras=Bundle{learn_more_url=https://support.google.com/websearch/?p=delete_recent_history&hl=en,suggestion_action_text=Delete,should_start_for_result=true,allow_pinning=true,skip_logging_in_target_handler=true,suggestion_action_rpc=1,}ParentID: null targetID: 2f6873f5-1c7b-4df3-8aac-be663146f046
09-09 12:50:04.033  1256  1256 D SearchTargetUtil: layoutType=short_icon_row resultType=131072 packageName=com.google.android.googlequicksearchbox extras=Bundle{suggestion_type=36,suggest_truncate_start=false,is_answer=false,is_entity=false,is_personal=true,suggest_raw_text=freecharge,input_query=android.app.search.Query@b4dc884,group_id=web1699176,response_id=1beae475-bc79-4f26-ae78-a349289ce673,support_query_builder=true,} searchAction=freecharge searchActionExtras=Bundle{learn_more_url=https://support.google.com/websearch/?p=delete_recent_history&hl=en,suggestion_action_text=Delete,should_start_for_result=true,allow_pinning=true,skip_logging_in_target_handler=true,suggestion_action_rpc=1,}ParentID: null targetID: e90964b3-55b4-4f3a-b081-a44fa0d505e9
09-09 12:50:04.033  1256  1256 D SearchTargetUtil: layoutType=short_icon_row resultType=131072 packageName=com.google.android.googlequicksearchbox extras=Bundle{suggestion_type=36,suggest_truncate_start=false,is_answer=false,is_entity=false,is_personal=true,suggest_raw_text=zoom,input_query=android.app.search.Query@b4dc884,group_id=web1699176,response_id=1beae475-bc79-4f26-ae78-a349289ce673,support_query_builder=true,} searchAction=zoom searchActionExtras=Bundle{learn_more_url=https://support.google.com/websearch/?p=delete_recent_history&hl=en,suggestion_action_text=Delete,should_start_for_result=true,allow_pinning=true,skip_logging_in_target_handler=true,suggestion_action_rpc=1,}ParentID: null targetID: aeaa6aeb-439d-4225-8731-82098e0bd413
09-09 12:50:04.033  1256  1256 D SearchTargetUtil: layoutType=short_icon_row resultType=131072 packageName=com.google.android.googlequicksearchbox extras=Bundle{suggestion_type=36,suggest_truncate_start=false,is_answer=false,is_entity=false,is_personal=true,suggest_raw_text=petjio,input_query=android.app.search.Query@b4dc884,group_id=web1699176,response_id=1beae475-bc79-4f26-ae78-a349289ce673,support_query_builder=true,} searchAction=petjio searchActionExtras=Bundle{learn_more_url=https://support.google.com/websearch/?p=delete_recent_history&hl=en,suggestion_action_text=Delete,should_start_for_result=true,allow_pinning=true,skip_logging_in_target_handler=true,suggestion_action_rpc=1,}ParentID: null targetID: 573af4ea-5752-449f-9e31-7bb1f1f2a0cf
09-09 12:50:04.033  1256  1256 D SearchTargetUtil: layoutType=short_icon_row resultType=131072 packageName=com.google.android.googlequicksearchbox extras=Bundle{suggestion_type=36,suggest_truncate_start=false,is_answer=false,is_entity=false,is_personal=true,suggest_raw_text=github copilot unlimited claude,input_query=android.app.search.Query@b4dc884,group_id=web1699176,response_id=1beae475-bc79-4f26-ae78-a349289ce673,support_query_builder=true,} searchAction=github copilot unlimited claude searchActionExtras=Bundle{learn_more_url=https://support.google.com/websearch/?p=delete_recent_history&hl=en,suggestion_action_text=Delete,should_start_for_result=true,allow_pinning=true,skip_logging_in_target_handler=true,suggestion_action_rpc=1,}ParentID: null targetID: 91b44074-b7db-42ec-a5e8-9f10e582a03d
09-09 12:50:04.034  1256  1256 D SearchTargetUtil: layoutType=short_icon_row resultType=131072 packageName=com.google.android.googlequicksearchbox extras=Bundle{suggestion_type=36,suggest_truncate_start=false,is_answer=false,is_entity=false,is_personal=true,suggest_raw_text=linkedin,input_query=android.app.search.Query@b4dc884,group_id=web1699176,response_id=1beae475-bc79-4f26-ae78-a349289ce673,support_query_builder=true,} searchAction=linkedin searchActionExtras=Bundle{learn_more_url=https://support.google.com/websearch/?p=delete_recent_history&hl=en,suggestion_action_text=Delete,should_start_for_result=true,allow_pinning=true,skip_logging_in_target_handler=true,suggestion_action_rpc=1,}ParentID: null targetID: ebfceb87-7d41-4744-bc95-2a687bed16fa
