09-09 12:49:58.563  6736  6736 W SoLoader: Recording new base apk path: /data/app/~~Dl5oMMVQVFHwwIIJuPj6Tg==/com.petjiouser--z2e0ipfzfPM7XwutriOTg==/base.apk
09-09 12:49:58.563  6736  6736 W SoLoader: Previously recorded 0 base apk paths.
09-09 12:49:58.584  1618  2129 I Icing   : IndexChimeraService.getServiceInterface callingPackage=com.google.android.gms componentName=AppsCorpus serviceId=36
09-09 12:49:58.587  6736  6736 I SoLoader: Preparing SO source: DirectorySoSource[root = /vendor/lib64 flags = 2]
09-09 12:49:58.587  6736  6736 I SoLoader: Preparing SO source: DirectorySoSource[root = /system/lib64 flags = 2]
09-09 12:49:58.587  6736  6736 I SoLoader: Preparing SO source: DirectApkSoSource[root = [/data/app/~~Dl5oMMVQVFHwwIIJuPj6Tg==/com.petjiouser--z2e0ipfzfPM7XwutriOTg==/base.apk!/lib/x86_64]]
09-09 12:49:58.698  6736  6736 I SoLoader: Preparing SO source: ApplicationSoSource[DirectorySoSource[root = /data/app/~~Dl5oMMVQVFHwwIIJuPj6Tg==/com.petjiouser--z2e0ipfzfPM7XwutriOTg==/lib/x86_64 flags = 0]]
09-09 12:49:58.699  6736  6736 I SoLoader: init finish: 4 SO sources prepared
09-09 12:49:58.706  6736  6736 W SoLoader: SoLoader initialized: 8
09-09 12:49:58.723  1202  6734 I Fitness : (REDACTED) FitCleanupIntentOperation received Intent %s
09-09 12:49:58.767  4448  4506 I Finsky  : [71] SCH: Scheduling phonesky job Id: 12-1, CT: 1757402396052, Constraints: [{ L: 15000, D: 86400000, C: CHARGING_NONE, I: IDLE_NONE, N: NET_ANY, B: BATTERY_ANY }]
09-09 12:49:58.789  6736  6736 D nativeloader: Load /data/app/~~Dl5oMMVQVFHwwIIJuPj6Tg==/com.petjiouser--z2e0ipfzfPM7XwutriOTg==/base.apk!/lib/x86_64/libc++_shared.so using ns clns-7 from class loader (caller=/data/app/~~Dl5oMMVQVFHwwIIJuPj6Tg==/com.petjiouser--z2e0ipfzfPM7XwutriOTg==/base.apk!classes2.dex): ok
09-09 12:49:58.841  6736  6736 D nativeloader: Load /data/app/~~Dl5oMMVQVFHwwIIJuPj6Tg==/com.petjiouser--z2e0ipfzfPM7XwutriOTg==/base.apk!/lib/x86_64/libjsi.so using ns clns-7 from class loader (caller=/data/app/~~Dl5oMMVQVFHwwIIJuPj6Tg==/com.petjiouser--z2e0ipfzfPM7XwutriOTg==/base.apk!classes2.dex): ok
09-09 12:49:58.842  4448  4448 I Finsky  : [2] SCH: job service start with id 9665.
09-09 12:49:58.843  4460  4465 I ding:background: CollectorTransition concurrent mark compact GC freed 1060KB AllocSpace bytes, 20(752KB) LOS objects, 49% free, 5212KB/10MB, paused 10.348ms,8.990ms total 1.059s
09-09 12:49:58.859  4448  4506 I Finsky  : [71] SCH: Scheduling 1 system job(s)
09-09 12:49:58.859  6736  6736 D nativeloader: Load /data/app/~~Dl5oMMVQVFHwwIIJuPj6Tg==/com.petjiouser--z2e0ipfzfPM7XwutriOTg==/base.apk!/lib/x86_64/libfbjni.so using ns clns-7 from class loader (caller=/data/app/~~Dl5oMMVQVFHwwIIJuPj6Tg==/com.petjiouser--z2e0ipfzfPM7XwutriOTg==/base.apk!classes2.dex): ok
09-09 12:49:58.860  4448  4506 I Finsky  : [71] SCH: Scheduling system job Id: 9666, L: 12192, D: 80352903, C: false, I: false, N: 1
09-09 12:49:58.874  1618  1618 D BoundBrokerSvc: onBind: Intent { act=com.google.android.gms.feedback.internal.IFeedbackService dat=chimera-action:/... cmp=com.google.android.gms/.chimera.GmsBoundBrokerService }
09-09 12:49:58.874  1618  1618 D BoundBrokerSvc: Loading bound service for intent: Intent { act=com.google.android.gms.feedback.internal.IFeedbackService dat=chimera-action:/... cmp=com.google.android.gms/.chimera.GmsBoundBrokerService }
09-09 12:49:58.886  6736  6736 D nativeloader: Load /data/app/~~Dl5oMMVQVFHwwIIJuPj6Tg==/com.petjiouser--z2e0ipfzfPM7XwutriOTg==/base.apk!/lib/x86_64/libreactnative.so using ns clns-7 from class loader (caller=/data/app/~~Dl5oMMVQVFHwwIIJuPj6Tg==/com.petjiouser--z2e0ipfzfPM7XwutriOTg==/base.apk!classes2.dex): ok
09-09 12:49:58.887  6736  6736 D jni_lib_merge: Entering merged library JNI_OnLoad.
09-09 12:49:58.887  6736  6736 D jni_lib_merge: Preparing 12 pre-merged libs (including stub)
09-09 12:49:58.887  6736  6736 D jni_lib_merge: Preparing to register libfabricjni_so.  onload_func: 0x71ca89cb1200
09-09 12:49:58.887  6736  6736 D jni_lib_merge: Preparing to register libreact_devsupportjni_so.  onload_func: 0x71ca89d8e7b0
09-09 12:49:58.887  6736  6736 D jni_lib_merge: Preparing to register libreact_featureflagsjni_so.  onload_func: 0x71ca89da0ea0
09-09 12:49:58.887  6736  6736 D jni_lib_merge: Preparing to register libreact_newarchdefaults_so.  onload_func: 0x71ca89dc7ca0
09-09 12:49:58.887  6736  6736 D jni_lib_merge: Preparing to register libreactnativeblob_so.  onload_func: 0x71ca89e6f7d0
09-09 12:49:58.887  6736  6736 D jni_lib_merge: Preparing to register libreactnativejni_so.  onload_func: 0x71ca89e8a640
09-09 12:49:58.888  6736  6736 D jni_lib_merge: Preparing to register libreactnativejni_common_so.  onload_func: 0x71ca89e90ed0
09-09 12:49:58.888  6736  6736 D jni_lib_merge: Preparing to register librninstance_so.  onload_func: 0x71ca89ea8710
09-09 12:49:58.888  6736  6736 D jni_lib_merge: Preparing to register libturbomodulejsijni_so.  onload_func: 0x71ca89f5a590
09-09 12:49:58.888  6736  6736 D jni_lib_merge: Preparing to register libuimanagerjni_so.  onload_func: 0x71ca89f624c0
09-09 12:49:58.888  6736  6736 D jni_lib_merge: Preparing to register libyoga_so.  onload_func: 0x71ca89f69b40
09-09 12:49:58.888  6736  6736 D jni_lib_merge: About to register 11 actual methods.
09-09 12:49:58.891  4448  6715 I Finsky  : [299] SCH: Satisfied jobs for 9665 are: 37-86
09-09 12:49:58.900  4448  6797 I Finsky  : [310] SCH: Job 37-86 starting
09-09 12:49:58.902  4448  4448 I Finsky  : [2] WM::SCH: Logging work start for 37-86
09-09 12:49:58.903  4448  4448 I Finsky  : [2] Received an install/uninstall event for package com.petjiouser
09-09 12:49:58.903  4448  4448 I Finsky  : [2] SCH: jobFinished: 37-86. TimeElapsed: 2ms.
09-09 12:49:58.904  4448  4448 I Finsky  : [2] WM::SCH: Logging work end for 37-86
09-09 12:49:58.916  4448  4518 I Finsky  : [83] Not an active Cubes user. Ignoring package install/uninstall event.
09-09 12:49:58.927  6736  6736 D nativeloader: Load /data/app/~~Dl5oMMVQVFHwwIIJuPj6Tg==/com.petjiouser--z2e0ipfzfPM7XwutriOTg==/base.apk!/lib/x86_64/libreact_codegen_rnscreens.so using ns clns-7 from class loader (caller=/data/app/~~Dl5oMMVQVFHwwIIJuPj6Tg==/com.petjiouser--z2e0ipfzfPM7XwutriOTg==/base.apk!classes2.dex): ok
09-09 12:49:58.927  6736  6736 D jni_lib_merge: Entering merged library JNI_OnLoad.
09-09 12:49:58.927  6736  6736 D jni_lib_merge: Preparing 12 pre-merged libs (including stub)
09-09 12:49:58.927  6736  6736 D jni_lib_merge: Preparing to register libfabricjni_so.  onload_func: 0x71ca89cb1200
09-09 12:49:58.927  6736  6736 D jni_lib_merge: Preparing to register libreact_devsupportjni_so.  onload_func: 0x71ca89d8e7b0
09-09 12:49:58.927  6736  6736 D jni_lib_merge: Preparing to register libreact_featureflagsjni_so.  onload_func: 0x71ca89da0ea0
09-09 12:49:58.927  6736  6736 D jni_lib_merge: Preparing to register libreact_newarchdefaults_so.  onload_func: 0x71ca89dc7ca0
09-09 12:49:58.927  6736  6736 D jni_lib_merge: Preparing to register libreactnativeblob_so.  onload_func: 0x71ca89e6f7d0
09-09 12:49:58.927  6736  6736 D jni_lib_merge: Preparing to register libreactnativejni_so.  onload_func: 0x71ca89e8a640
09-09 12:49:58.928  6736  6736 D jni_lib_merge: Preparing to register libreactnativejni_common_so.  onload_func: 0x71ca89e90ed0
09-09 12:49:58.928  6736  6736 D jni_lib_merge: Preparing to register librninstance_so.  onload_func: 0x71ca89ea8710
09-09 12:49:58.928  6736  6736 D jni_lib_merge: Preparing to register libturbomodulejsijni_so.  onload_func: 0x71ca89f5a590
09-09 12:49:58.928  6736  6736 D jni_lib_merge: Preparing to register libuimanagerjni_so.  onload_func: 0x71ca89f624c0
09-09 12:49:58.928  6736  6736 D jni_lib_merge: Preparing to register libyoga_so.  onload_func: 0x71ca89f69b40
09-09 12:49:58.928  6736  6736 D jni_lib_merge: About to register 11 actual methods.
09-09 12:49:58.940  4448  4487 I Finsky  : [61] [ContentSync] finished, scheduled=true
09-09 12:49:58.943  6736  6736 D nativeloader: Load /data/app/~~Dl5oMMVQVFHwwIIJuPj6Tg==/com.petjiouser--z2e0ipfzfPM7XwutriOTg==/base.apk!/lib/x86_64/libreact_codegen_safeareacontext.so using ns clns-7 from class loader (caller=/data/app/~~Dl5oMMVQVFHwwIIJuPj6Tg==/com.petjiouser--z2e0ipfzfPM7XwutriOTg==/base.apk!classes2.dex): ok
09-09 12:49:58.962  6736  6736 D nativeloader: Load /data/app/~~Dl5oMMVQVFHwwIIJuPj6Tg==/com.petjiouser--z2e0ipfzfPM7XwutriOTg==/base.apk!/lib/x86_64/libreact_codegen_rnpicker.so using ns clns-7 from class loader (caller=/data/app/~~Dl5oMMVQVFHwwIIJuPj6Tg==/com.petjiouser--z2e0ipfzfPM7XwutriOTg==/base.apk!classes2.dex): ok
09-09 12:49:58.962  6736  6736 D jni_lib_merge: Entering merged library JNI_OnLoad.
09-09 12:49:58.963  6736  6736 D jni_lib_merge: Preparing 12 pre-merged libs (including stub)
09-09 12:49:58.963  6736  6736 D jni_lib_merge: Preparing to register libfabricjni_so.  onload_func: 0x71ca89cb1200
09-09 12:49:58.963  6736  6736 D jni_lib_merge: Preparing to register libreact_devsupportjni_so.  onload_func: 0x71ca89d8e7b0
09-09 12:49:58.963  6736  6736 D jni_lib_merge: Preparing to register libreact_featureflagsjni_so.  onload_func: 0x71ca89da0ea0
09-09 12:49:58.963  6736  6736 D jni_lib_merge: Preparing to register libreact_newarchdefaults_so.  onload_func: 0x71ca89dc7ca0
09-09 12:49:58.963  6736  6736 D jni_lib_merge: Preparing to register libreactnativeblob_so.  onload_func: 0x71ca89e6f7d0
09-09 12:49:58.963  6736  6736 D jni_lib_merge: Preparing to register libreactnativejni_so.  onload_func: 0x71ca89e8a640
09-09 12:49:58.963  6736  6736 D jni_lib_merge: Preparing to register libreactnativejni_common_so.  onload_func: 0x71ca89e90ed0
09-09 12:49:58.963  6736  6736 D jni_lib_merge: Preparing to register librninstance_so.  onload_func: 0x71ca89ea8710
09-09 12:49:58.963  6736  6736 D jni_lib_merge: Preparing to register libturbomodulejsijni_so.  onload_func: 0x71ca89f5a590
09-09 12:49:58.963  6736  6736 D jni_lib_merge: Preparing to register libuimanagerjni_so.  onload_func: 0x71ca89f624c0
09-09 12:49:58.963  6736  6736 D jni_lib_merge: Preparing to register libyoga_so.  onload_func: 0x71ca89f69b40
09-09 12:49:58.963  6736  6736 D jni_lib_merge: About to register 11 actual methods.
09-09 12:49:58.974  6736  6736 D nativeloader: Load /data/app/~~Dl5oMMVQVFHwwIIJuPj6Tg==/com.petjiouser--z2e0ipfzfPM7XwutriOTg==/base.apk!/lib/x86_64/libappmodules.so using ns clns-7 from class loader (caller=/data/app/~~Dl5oMMVQVFHwwIIJuPj6Tg==/com.petjiouser--z2e0ipfzfPM7XwutriOTg==/base.apk!classes2.dex): ok
09-09 12:49:58.986   663  1707 W OptProp : Cannot read opt property android.window.PROPERTY_COMPAT_ENABLE_FAKE_FOCUS
09-09 12:49:58.989  1618  2144 I Icing   : IndexChimeraService.getServiceInterface callingPackage=com.google.android.gms componentName=null serviceId=30
09-09 12:49:59.051   663   778 D IntervalStats: Unable to parse usage stats packages: [254, 257, 258]
09-09 12:49:59.052   663   778 D IntervalStats: Unable to parse event packages: [258]
09-09 12:49:59.073  1202  6451 I NearbyMediums: No BLE Fast/GATT advertisements found in the latest cycle.
09-09 12:49:59.073  4448  4518 I Finsky  : [83] SCH: Scheduling phonesky job Id: 26-1414141414, CT: 1757400839865, Constraints: [{ L: 43129560, D: 44029560, C: CHARGING_NONE, I: IDLE_NONE, N: NET_NONE, B: BATTERY_ANY }]
09-09 12:49:59.074  1202  6451 I NearbyMediums: Current Tracked Scanning Clients are : {NearbyConnections.EnvironmentMonitor, NearbySharing, NearbyConnections.TxAdvertisement}
09-09 12:49:59.079   663   778 D IntervalStats: Unable to parse usage stats packages: [258]
09-09 12:49:59.079   663   778 D IntervalStats: Unable to parse event packages: [258]
09-09 12:49:59.098  4448  4496 I Finsky  : [64] SCH: Scheduling 1 system job(s)
09-09 12:49:59.098  4448  4496 W JobInfo : Job 'com.android.vending/com.google.android.finsky.scheduler.process.mainimpl.PhoneskyJobServiceMain#9673' has a deadline with no functional constraints. The deadline won't improve job execution latency. Consider removing the deadline.
09-09 12:49:59.099  4448  4496 I Finsky  : [64] SCH: Scheduling system job Id: 9673, L: 41570327, D: 42470327, C: false, I: false, N: 0
09-09 12:49:59.107   663  1707 W JobInfo : Job 'com.android.vending/com.google.android.finsky.scheduler.process.mainimpl.PhoneskyJobServiceMain#9673' has a deadline with no functional constraints. The deadline won't improve job execution latency. Consider removing the deadline.
09-09 12:49:59.125  6736  6736 D AppCompatDelegate: Checking for metadata for AppLocalesMetadataHolderService : Service not found
09-09 12:49:59.152   663   778 D IntervalStats: Unable to parse usage stats packages: [258, 259]
09-09 12:49:59.152   663   778 D IntervalStats: Unable to parse event packages: [259]
09-09 12:49:59.154  4448  6797 I Finsky  : [310] SCH: job service finished with id 9665.
09-09 12:49:59.190  4460  4460 I Finsky:background: [2] Memory trim requested to level 40
09-09 12:49:59.197  4448  4448 I Finsky  : [2] Memory trim requested to level 40
09-09 12:49:59.198  4448  4448 I Finsky  : [2] Flushing in-memory image cache
09-09 12:49:59.202   663   735 I AppsFilter: interaction: PackageSetting{d264431 com.android.microdroid.empty_payload/10192} -> PackageSetting{5dbcbdf com.petjiouser/10220} BLOCKED
09-09 12:49:59.203   663   735 I AppsFilter: interaction: PackageSetting{6958897 com.petjiovendorapp/10211} -> PackageSetting{5dbcbdf com.petjiouser/10220} BLOCKED
09-09 12:49:59.222   663   778 D IntervalStats: Unable to parse usage stats packages: [261, 262]
09-09 12:49:59.223   663   778 D IntervalStats: Unable to parse event packages: [262]
09-09 12:49:59.233   663   907 D ShortcutService: received package broadcast intent: Intent { act=android.intent.action.PACKAGE_CHANGED dat=package: flg=0x45000010 (has extras) }
09-09 12:49:59.233   663   907 D ShortcutService: changing package: com.petjiouser userId0
09-09 12:49:59.233   663   907 D ShortcutService: handlePackageChanged: com.petjiouser user=0
09-09 12:49:59.233   663   907 D ShortcutService: rescanPackageIfNeeded 0@com.petjiouser, forceRescan=true , isNewApp=true
09-09 12:49:59.235   663   907 D ShortcutService: Package com.petjiouser has 0 manifest shortcut(s), and 0 share target(s)
09-09 12:49:59.239  1124  1124 D CarrierSvcBindHelper: onPackageModified: com.petjiouser
09-09 12:49:59.256  1124  1124 D CarrierSvcBindHelper: No carrier app for: 0
09-09 12:49:59.258   954   954 D ControlsListingControllerImpl: ServiceConfig reloaded, count: 0
09-09 12:49:59.275  6736  6789 D TrafficStats: tagSocket(99) with statsTag=0x8001, statsUid=-1
09-09 12:49:59.282   663   778 D IntervalStats: Unable to parse usage stats packages: [262]
09-09 12:49:59.283   663   778 D IntervalStats: Unable to parse event packages: [262]
09-09 12:49:59.290  1618  6660 I Icing   : Usage reports ok 0, Failed Usage reports 0, indexed 0, rejected 0
09-09 12:49:59.295  4448  4454 W android.vending: ApkAssets: Deleting an ApkAssets object '<empty> and /data/app/~~Dl5oMMVQVFHwwIIJuPj6Tg==/com.petjiouser--z2e0ipfzfPM7XwutriOTg==/base.apk' with 1 weak references
09-09 12:49:59.306   663   710 W MagnificationConnectionManager: requestConnection duplicated request: connect=false, mConnectionState=DISCONNECTED
09-09 12:49:59.307   663   792 I RoleService: Granting default roles...
09-09 12:49:59.311  1527  1527 I AiAiEcho: AppFetcherImpl onPackageChanged com.petjiouser.
09-09 12:49:59.317  1527  6709 I AiAiEcho: AppIndexer Package:[com.petjiouser] UserProfile:[0] Enabled:[true].
09-09 12:49:59.318  1256  1301 D PackageUpdatedTask: Package updated: mOp=UPDATE packages=[com.petjiouser]
09-09 12:49:59.318  1527  6709 I AiAiEcho: AppFetcherImplV2 updateApps package:[com.petjiouser], userId:[0], reason:[package is updated.].
09-09 12:49:59.345   663  3325 W Role    : Default holder doesn't have required signing certificate: com.google.android.retaildemo:6547c73dee150c103980bfdffe55cc9a011d785dd694a5f99afd8205bcaf1f80
09-09 12:49:59.348   663  3325 E RoleControllerServiceImpl: Default/fallback role holder package doesn't qualify for the role, package: com.google.android.gms.supervision, role: android.app.role.SYSTEM_SUPERVISION
09-09 12:49:59.351   663   663 W Looper  : Slow dispatch took 105ms main h=android.app.ActivityThread$H c=android.app.LoadedApk$ReceiverDispatcher$Args$$ExternalSyntheticLambda0@a1b251c m=0
09-09 12:49:59.355   663   663 W IPCThreadState: Sending oneway calls to frozen process.
09-09 12:49:59.356   663   663 W IPCThreadState: Sending oneway calls to frozen process.
09-09 12:49:59.357  1124  1124 E SmsApplication: com.google.android.apps.messaging lost android:read_cell_broadcasts:  (fixing)
09-09 12:49:59.358   663   760 W AppOpService: Ignored setUidMode call for runtime permission app op: uid = 10140, code = READ_CELL_BROADCASTS, mode = allow, callingUid = 1001, oldMode = allow
09-09 12:49:59.358   663   663 W IPCThreadState: Sending oneway calls to frozen process.
09-09 12:49:59.380   663  3325 W Role    : Default holder doesn't have required signing certificate: com.google.android.apps.work.clouddpc:23962F4B43B9857638EA66F4D419518EAE282491ACDA4B94707BD59003C45E58
09-09 12:49:59.380  1359  1375 I PermissionControllerServiceImpl: Updating user sensitive for uid 10220
09-09 12:49:59.414  1124  1124 E CellBroadcastUtils: getDefaultCellBroadcastReceiverPackageName: no package found
09-09 12:49:59.415   663  1598 E TaskPersister: File error accessing recents directory (directory doesn't exist?).
09-09 12:49:59.418   663  1819 W AppOpService: Ignored setUidMode call for runtime permission app op: uid = 1001, code = READ_SMS, mode = allow, callingUid = 1001, oldMode = allow
09-09 12:49:59.423   663   761 W AppOpService: Ignored setUidMode call for runtime permission app op: uid = 1001, code = RECEIVE_SMS, mode = allow, callingUid = 1001, oldMode = allow
09-09 12:49:59.425   663   761 W AppOpService: Ignored setUidMode call for runtime permission app op: uid = 1001, code = RECEIVE_WAP_PUSH, mode = allow, callingUid = 1001, oldMode = allow
09-09 12:49:59.427   663  1819 W AppOpService: Ignored setUidMode call for runtime permission app op: uid = 1001, code = SEND_SMS, mode = allow, callingUid = 1001, oldMode = allow
09-09 12:49:59.428   663  1819 W AppOpService: Ignored setUidMode call for runtime permission app op: uid = 1001, code = READ_CELL_BROADCASTS, mode = allow, callingUid = 1001, oldMode = allow
09-09 12:49:59.439  1124  1319 D ImsResolver: maybeAddedImsService, packageName: com.petjiouser
09-09 12:49:59.475  1618  6660 I Icing   : Usage reports ok 1, Failed Usage reports 0, indexed 0, rejected 0
09-09 12:49:59.530  6736  6736 D nativeloader: Load /data/app/~~Dl5oMMVQVFHwwIIJuPj6Tg==/com.petjiouser--z2e0ipfzfPM7XwutriOTg==/base.apk!/lib/x86_64/libhermes.so using ns clns-7 from class loader (caller=/data/app/~~Dl5oMMVQVFHwwIIJuPj6Tg==/com.petjiouser--z2e0ipfzfPM7XwutriOTg==/base.apk!classes2.dex): ok
09-09 12:49:59.532  6736  6736 D nativeloader: Load /data/app/~~Dl5oMMVQVFHwwIIJuPj6Tg==/com.petjiouser--z2e0ipfzfPM7XwutriOTg==/base.apk!/lib/x86_64/libhermestooling.so using ns clns-7 from class loader (caller=/data/app/~~Dl5oMMVQVFHwwIIJuPj6Tg==/com.petjiouser--z2e0ipfzfPM7XwutriOTg==/base.apk!classes2.dex): ok
09-09 12:49:59.532  6736  6736 D jni_lib_merge: Entering merged library JNI_OnLoad.
09-09 12:49:59.532  6736  6736 D jni_lib_merge: Preparing 4 pre-merged libs (including stub)
09-09 12:49:59.532  6736  6736 D jni_lib_merge: Preparing to register libhermes_executor_so.  onload_func: 0x71ca864aa730
09-09 12:49:59.532  6736  6736 D jni_lib_merge: Preparing to register libhermesinstancejni_so.  onload_func: 0x71ca864b1db0
09-09 12:49:59.532  6736  6736 D jni_lib_merge: Preparing to register libjsijniprofiler_so.  onload_func: 0x71ca864b2540
09-09 12:49:59.532  6736  6736 D jni_lib_merge: About to register 3 actual methods.
09-09 12:49:59.586  1618  6660 I Icing   : Indexing com.google.android.gms-apps from com.google.android.gms
09-09 12:49:59.591  6736  6736 W unknown:BridgelessReact: ReactHost{0}.startSurface(surfaceId = 0): Schedule
09-09 12:49:59.591  6736  6736 W unknown:BridgelessReact: ReactHost{0}.attachSurface(surfaceId = 0)
09-09 12:49:59.597  6736  6809 W unknown:BridgelessReact: ReactHost{0}.getOrCreateReactInstanceTask()
09-09 12:49:59.597  6736  6809 W unknown:BridgelessReact: ReactHost{0}.getOrCreateReactInstanceTask(): Start
09-09 12:49:59.598  6736  6809 W unknown:BridgelessReact: ReactHost{0}.getJSBundleLoader()
09-09 12:49:59.600  6736  6809 W unknown:BridgelessReact: ReactHost{0}.getOrCreateReactContext(): Creating BridgelessReactContext
09-09 12:49:59.610  6736  6809 W unknown:BridgelessReact: ReactHost{0}.getOrCreateReactInstanceTask(): Creating ReactInstance
09-09 12:49:59.663  1256  1256 D StatsLog: LAUNCHER_ALLAPPS_COUNT
09-09 12:49:59.675  6736  6736 W unknown:BridgelessReact: ReactHost{0}.onHostResume(activity)
09-09 12:49:59.675  6736  6736 W unknown:BridgelessReact: ReactContext.onHostResume()
09-09 12:49:59.680  1618  6660 I Icing   : Indexing done com.google.android.gms-apps
09-09 12:49:59.689  1618  6660 I Icing   : Indexing com.google.android.gms-apps from com.google.android.gms
09-09 12:49:59.691  1618  6660 I Icing   : Indexing done com.google.android.gms-apps
09-09 12:49:59.704  6736  6736 W HWUI    : Unknown dataspace 0
09-09 12:49:59.726   663  3325 E RoleControllerServiceImpl: Default/fallback role holder package doesn't qualify for the role, package: com.google.android.gms, role: android.app.role.WALLET
09-09 12:49:59.751   663  3325 E RoleControllerServiceImpl: Default/fallback role holder package doesn't qualify for the role, package: com.google.android.devicelockcontroller, role: android.app.role.SYSTEM_FINANCED_DEVICE_CONTROLLER
09-09 12:49:59.773   663  2237 D CoreBackPreview: Window{ad0b9e4 u0 com.petjiouser/com.petjiouser.MainActivity}: Setting back callback OnBackInvokedCallbackInfo{mCallback=android.window.IOnBackInvokedCallback$Stub$Proxy@dd19050, mPriority=0, mIsAnimationCallback=false}
09-09 12:49:59.827   495   506 W ServiceManagerCppClient: Permission failure: android.permission.ACCESS_SURFACE_FLINGER from uid=10220 pid=0
09-09 12:49:59.827   495   506 D PermissionCache: checking android.permission.ACCESS_SURFACE_FLINGER for uid=10220 => denied (2465 us)
09-09 12:49:59.828   495   506 W ServiceManagerCppClient: Permission failure: android.permission.ROTATE_SURFACE_FLINGER from uid=10220 pid=0
09-09 12:49:59.828   495   506 D PermissionCache: checking android.permission.ROTATE_SURFACE_FLINGER for uid=10220 => denied (1288 us)
09-09 12:49:59.829   495   506 W ServiceManagerCppClient: Permission failure: android.permission.INTERNAL_SYSTEM_WINDOW from uid=10220 pid=0
09-09 12:49:59.829   495   506 D PermissionCache: checking android.permission.INTERNAL_SYSTEM_WINDOW for uid=10220 => denied (1260 us)
09-09 12:49:59.839  6736  6799 I EGL_emulation: Opening libGLESv1_CM_emulation.so
09-09 12:49:59.841  6736  6799 I EGL_emulation: Opening libGLESv2_emulation.so
09-09 12:49:59.880  6736  6809 E libc++abi: terminating due to uncaught exception of type std::length_error: vector
--------- beginning of crash
09-09 12:49:59.888  6736  6809 F libc    : Fatal signal 6 (SIGABRT), code -1 (SI_QUEUE) in tid 6809 (pool-12-thread-), pid 6736 (com.petjiouser)
09-09 12:50:00.016  1527  1974 I AiAiEcho: Predicting[0]:  [CONTEXT sampling_count=5 ]
09-09 12:50:00.017  1527  1974 I AiAiEcho: EchoTargets: 
09-09 12:50:00.017  1527  1974 I AiAiEcho: Filtered by AiAi flag check: 
09-09 12:50:00.017  1527  1974 I AiAiEcho: [CONTEXT ratelimit_period="10 SECONDS" ]
09-09 12:50:00.017  1527  1974 I AiAiEcho: Ranked targets strategy: SORT, count: 0, ranking metadata:  [CONTEXT ratelimit_period="10 SECONDS" ]
09-09 12:50:00.018  1527  1974 I AiAiEcho: #remoteViewsTwiddler: feature disabled.
09-09 12:50:00.019  1527  1974 I AiAiEcho: Predicting[0]:  [CONTEXT sampling_count=5 ]
09-09 12:50:00.020  1527  1974 I AiAiEcho: EchoTargets: 
09-09 12:50:00.020  1527  1974 I AiAiEcho: Filtered by AiAi flag check: 
09-09 12:50:00.020  1527  1974 I AiAiEcho: [CONTEXT ratelimit_period="10 SECONDS" ]
09-09 12:50:00.021  1527  1974 I AiAiEcho: Ranked targets strategy: SORT, count: 0, ranking metadata:  [CONTEXT ratelimit_period="10 SECONDS" ]
09-09 12:50:00.023  1527  1974 I AiAiEcho: #remoteViewsTwiddler: feature disabled.
09-09 12:50:00.027  1527  1974 I AiAiEcho: #postPredictionTargets: Sending updates to UISurface lockscreen with targets# 0 (types=[])
09-09 12:50:00.029  1527  1974 I AiAiEcho: #postPredictionTargets: Sending updates to UISurface home with targets# 0 (types=[])
09-09 12:50:00.034  1256  1256 D SsBaseTemplateCard: No text view can be set up
09-09 12:50:00.036  1256  1256 D SsBaseTemplateCard: Passed-in item info is null
09-09 12:50:00.036  1256  1256 D SsBaseTemplateCard: Passed-in item info is null
09-09 12:50:00.036  1256  1256 D SsBaseTemplateCard: Passed-in item info is null
09-09 12:50:00.036  1256  1256 I SsBaseTemplateCard: Secondary card pane is null
09-09 12:50:00.072   954   954 W PageIndicator: Total number of pages invalid: 0. Assuming 1 page.
09-09 12:50:00.084   954  1098 D EGL_emulation: app_time_stats: avg=518.89ms min=46.78ms max=1721.61ms count=4
09-09 12:50:00.086  6817  6817 E crash_dump64: failed to get the guest state header for thread 6736: Bad address
09-09 12:50:00.090  6817  6817 E crash_dump64: failed to get the guest state header for thread 6745: Bad address
09-09 12:50:00.094  6817  6817 E crash_dump64: failed to get the guest state header for thread 6746: Bad address
09-09 12:50:00.096  6817  6817 E crash_dump64: failed to get the guest state header for thread 6747: Bad address
09-09 12:50:00.097  6817  6817 E crash_dump64: failed to get the guest state header for thread 6750: Bad address
09-09 12:50:00.102  6817  6817 E crash_dump64: failed to get the guest state header for thread 6751: Bad address
09-09 12:50:00.105  6817  6817 E crash_dump64: failed to get the guest state header for thread 6752: Bad address
09-09 12:50:00.124  6817  6817 E crash_dump64: failed to get the guest state header for thread 6755: Bad address
09-09 12:50:00.130  6817  6817 E crash_dump64: failed to get the guest state header for thread 6756: Bad address
09-09 12:50:00.133  6817  6817 E crash_dump64: failed to get the guest state header for thread 6757: Bad address
09-09 12:50:00.135  6817  6817 E crash_dump64: failed to get the guest state header for thread 6762: Bad address
09-09 12:50:00.136  6817  6817 E crash_dump64: failed to get the guest state header for thread 6764: Bad address
09-09 12:50:00.137  6817  6817 E crash_dump64: failed to get the guest state header for thread 6776: Bad address
09-09 12:50:00.147  6817  6817 E crash_dump64: failed to get the guest state header for thread 6777: Bad address
09-09 12:50:00.147  6666  6669 I AidlLazyServiceRegistrar: Process has 0 (of 2 available) client(s) in use after notification android.system.virtualizationmaintenance has clients: 0
09-09 12:50:00.147  6666  6669 I AidlLazyServiceRegistrar: Trying to shut down the service. No clients in use for any service in process.
09-09 12:50:00.150  6817  6817 E crash_dump64: failed to get the guest state header for thread 6778: Bad address
09-09 12:50:00.150  6817  6817 E crash_dump64: failed to get the guest state header for thread 6779: Bad address
09-09 12:50:00.151  6817  6817 E crash_dump64: failed to get the guest state header for thread 6780: Bad address
09-09 12:50:00.153  6817  6817 E crash_dump64: failed to get the guest state header for thread 6785: Bad address
09-09 12:50:00.156  6817  6817 E crash_dump64: failed to get the guest state header for thread 6787: Bad address
09-09 12:50:00.157  6817  6817 E crash_dump64: failed to get the guest state header for thread 6788: Bad address
09-09 12:50:00.159  6817  6817 E crash_dump64: failed to get the guest state header for thread 6789: Bad address
09-09 12:50:00.161  6817  6817 E crash_dump64: failed to get the guest state header for thread 6790: Bad address
09-09 12:50:00.168  6817  6817 E crash_dump64: failed to get the guest state header for thread 6791: Bad address
09-09 12:50:00.174  6666  6669 I AidlLazyServiceRegistrar: Unregistered all clients and exiting
09-09 12:50:00.174  6817  6817 E crash_dump64: failed to get the guest state header for thread 6793: Bad address
09-09 12:50:00.177  6817  6817 E crash_dump64: failed to get the guest state header for thread 6794: Bad address
09-09 12:50:00.178  6817  6817 E crash_dump64: failed to get the guest state header for thread 6796: Bad address
09-09 12:50:00.180  6817  6817 E crash_dump64: failed to get the guest state header for thread 6798: Bad address
09-09 12:50:00.183  6817  6817 E crash_dump64: failed to get the guest state header for thread 6799: Bad address
09-09 12:50:00.183  6817  6817 E crash_dump64: failed to get the guest state header for thread 6802: Bad address
09-09 12:50:00.186  6817  6817 E crash_dump64: failed to get the guest state header for thread 6806: Bad address
09-09 12:50:00.187  6817  6817 E crash_dump64: failed to get the guest state header for thread 6808: Bad address
09-09 12:50:00.191  6817  6817 E crash_dump64: failed to get the guest state header for thread 6809: Bad address
09-09 12:50:00.195  6817  6817 E crash_dump64: failed to get the guest state header for thread 6810: Bad address
09-09 12:50:00.196  6817  6817 E crash_dump64: failed to get the guest state header for thread 6811: Bad address
09-09 12:50:00.199  6817  6817 E crash_dump64: failed to get the guest state header for thread 6812: Bad address
09-09 12:50:00.211  6817  6817 E crash_dump64: failed to get the guest state header for thread 6813: Bad address
09-09 12:50:00.213  6817  6817 E crash_dump64: failed to get the guest state header for thread 6814: Bad address
09-09 12:50:00.268  6817  6817 I crash_dump64: obtaining output fd from tombstoned, type: kDebuggerdTombstoneProto
09-09 12:50:00.303   268   268 I tombstoned: received crash request for pid 6809
09-09 12:50:00.307  6817  6817 I crash_dump64: performing dump of process 6736 (target tid = 6809)
09-09 12:50:00.472   663   853 D InetDiagMessage: Destroyed 0 sockets, proto=IPPROTO_TCP, family=AF_INET, states=14
09-09 12:50:00.480   663   853 D InetDiagMessage: Destroyed 0 sockets, proto=IPPROTO_TCP, family=AF_INET6, states=14
09-09 12:50:00.481   663   853 D InetDiagMessage: Destroyed live tcp sockets for uids={10196} in 10ms
09-09 12:50:00.484   663   853 D InetDiagMessage: Destroyed 0 sockets, proto=IPPROTO_TCP, family=AF_INET, states=14
09-09 12:50:00.490   663   853 D InetDiagMessage: Destroyed 0 sockets, proto=IPPROTO_TCP, family=AF_INET6, states=14
09-09 12:50:00.490   663   853 D InetDiagMessage: Destroyed live tcp sockets for uids={20196} in 9ms
09-09 12:50:00.504  6736  6799 W HWUI    : Failed to choose config with EGL_SWAP_BEHAVIOR_PRESERVED, retrying without...
09-09 12:50:00.507  6736  6799 W HWUI    : Failed to initialize 101010-2 format, error = EGL_SUCCESS
09-09 12:50:00.706   210   210 I hwservicemanager: getTransport: Cannot find entry android.hardware.graphics.mapper@4.0::IMapper/default in either framework or device VINTF manifest.
09-09 12:50:00.707  6736  6799 I Gralloc4: mapper 4.x is not supported
09-09 12:50:00.907  6736  6814 E SurfaceSyncGroup: Failed to receive transaction ready in 1000ms. Marking SurfaceSyncGroup(wmsSync-VRI[MainActivity]#0) as ready
09-09 12:50:00.914  6736  6814 E SurfaceSyncGroup: Failed to receive transaction ready in 1000ms. Marking SurfaceSyncGroup(VRI[MainActivity]#1) as ready
09-09 12:50:00.915   663   760 W ServiceManagerCppClient: Permission failure: android.permission.ACCESS_SURFACE_FLINGER from uid=10220 pid=0
09-09 12:50:00.915   663   760 D PermissionCache: checking android.permission.ACCESS_SURFACE_FLINGER for uid=10220 => denied (369 us)
09-09 12:50:00.915   663   760 W ServiceManagerCppClient: Permission failure: android.permission.ROTATE_SURFACE_FLINGER from uid=10220 pid=0
09-09 12:50:00.915   663   760 D PermissionCache: checking android.permission.ROTATE_SURFACE_FLINGER for uid=10220 => denied (145 us)
09-09 12:50:00.915   663   760 W ServiceManagerCppClient: Permission failure: android.permission.INTERNAL_SYSTEM_WINDOW from uid=10220 pid=0
09-09 12:50:00.915   663   760 D PermissionCache: checking android.permission.INTERNAL_SYSTEM_WINDOW for uid=10220 => denied (154 us)
09-09 12:50:00.935  6736  6736 I Choreographer: Skipped 70 frames!  The application may be doing too much work on its main thread.
09-09 12:50:00.938   663   697 I ActivityTaskManager: Displayed com.petjiouser/.MainActivity for user 0: +4s810ms
09-09 12:50:00.977  6736  6757 I HWUI    : Davey! duration=1184ms; Flags=1, FrameTimelineVsyncId=101029, IntendedVsync=1695733299492, Vsync=1695749966158, InputEventId=0, HandleInputStart=1695758496400, AnimationStart=1695758789800, PerformTraversalsStart=1695759417200, DrawStart=1696845163200, FrameDeadline=1695749966158, FrameInterval=1695758444600, FrameStartTime=16666666, SyncQueued=1696848721600, SyncStart=1696866899000, IssueDrawCommandsStart=1696879212100, SwapBuffers=1696884426500, FrameCompleted=1696935585100, DequeueBufferDuration=50000, QueueBufferDuration=1245000, GpuCompleted=1696935585100, SwapBuffersCompleted=1696922755300, DisplayPresentTime=0, CommandSubmissionCompleted=1696884426500, 
09-09 12:50:01.019  1202  2457 I FontLog : (REDACTED) Received query %s, URI %s
09-09 12:50:01.019  1202  2457 I FontLog : (REDACTED) Query [%s] resolved to %s
09-09 12:50:01.036  1202  2457 I FontLog : (REDACTED) Fetch %s end status %s
09-09 12:50:01.050  1202  2457 I FontLog : (REDACTED) Pulling font file for id = %d, cache size = %d
09-09 12:50:01.078  1202  2457 I FontLog : (REDACTED) Pulling font file for id = %d, cache size = %d
09-09 12:50:01.095  1202  3341 D TrafficStats: tagSocket(275) with statsTag=0x4000407, statsUid=-1
09-09 12:50:01.369   954  1052 W WindowOnBackDispatcher: sendCancelIfRunning: isInProgress=false callback=android.view.ViewRootImpl$$ExternalSyntheticLambda11@74538a9
09-09 12:50:01.371   663   760 D CoreBackPreview: Window{ec78fdf u0 Splash Screen com.petjiouser EXITING}: Setting back callback null
09-09 12:50:01.391   663  2237 W InputManager-JNI: Input channel object 'ec78fdf Splash Screen com.petjiouser (client)' was disposed without first being removed with the input manager!
09-09 12:50:01.409  1256  1256 D BaseDepthController: setSurface:
09-09 12:50:01.409  1256  1256 D BaseDepthController: 	mWaitingOnSurfaceValidity: false
09-09 12:50:01.409  1256  1256 D BaseDepthController: 	mSurface: null
09-09 12:50:01.411  1256  1256 D BaseDepthController: mSurface is null and mCurrentBlur is: 0
09-09 12:50:01.415  1256  1256 D StateManager: goToState - fromState: Normal, toState: Normal, partial trace:
09-09 12:50:01.415  1256  1256 D StateManager: 	at com.android.launcher3.statemanager.StateManager.moveToRestState(go/retraceme 2855a437b73635ce9cad76b9289087e631bbb67fc90008a0da13d343a00e5041:4)
09-09 12:50:01.415  1256  1256 D StateManager: 	at com.android.launcher3.statemanager.StateManager.moveToRestState(go/retraceme 2855a437b73635ce9cad76b9289087e631bbb67fc90008a0da13d343a00e5041:1)
09-09 12:50:01.415  1256  1256 D StateManager: 	at com.android.launcher3.statemanager.StatefulActivity.onStop(go/retraceme 2855a437b73635ce9cad76b9289087e631bbb67fc90008a0da13d343a00e5041:34)
09-09 12:50:01.419  1256  1256 D StatsLog: LAUNCHER_ONSTOP
09-09 12:50:01.426  1256  1733 D OneSearchSuggestProvider: Shut down the binder channel
09-09 12:50:01.427  1256  1963 D GmsPlayProvider: Shut down the binder channel
09-09 12:50:01.430  1256  1256 D StatsLog: LAUNCHER_GOOGLE_SEARCH_RESTORE_LIST_SIZE_AFTER_ACTIVITY_RESTART
09-09 12:50:01.610   954  1098 D EGL_emulation: app_time_stats: avg=762.68ms min=370.83ms max=1154.53ms count=2
09-09 12:50:01.930  1202  1525 I GmsCoreXrpcWrapper: (REDACTED) Returning a channel provider with trafficStatsTag=%d trafficStatsUid=%d
09-09 12:50:01.933  1202  1525 I GmsCoreXrpcWrapper: (REDACTED) Returning a channel provider with trafficStatsTag=%d trafficStatsUid=%d
09-09 12:50:01.934  1202  1525 I GmsCoreXrpcWrapper: (REDACTED) Returning a channel provider with trafficStatsTag=%d trafficStatsUid=%d
09-09 12:50:01.935  1202  1525 I GmsCoreXrpcWrapper: (REDACTED) Returning a channel provider with trafficStatsTag=%d trafficStatsUid=%d
09-09 12:50:02.664  6817  6817 F DEBUG   : *** *** *** *** *** *** *** *** *** *** *** *** *** *** *** ***
09-09 12:50:02.664  6817  6817 F DEBUG   : Build fingerprint: 'google/sdk_gphone64_x86_64/emu64xa:15/AE3A.240806.036/12592187:user/release-keys'
09-09 12:50:02.664  6817  6817 F DEBUG   : Revision: '0'
09-09 12:50:02.664  6817  6817 F DEBUG   : ABI: 'x86_64'
09-09 12:50:02.664  6817  6817 F DEBUG   : Timestamp: 2025-09-09 12:50:00.462904400+0530
09-09 12:50:02.664  6817  6817 F DEBUG   : Process uptime: 5s
09-09 12:50:02.664  6817  6817 F DEBUG   : Cmdline: com.petjiouser
09-09 12:50:02.664  6817  6817 F DEBUG   : pid: 6736, tid: 6809, name: pool-12-thread-  >>> com.petjiouser <<<
09-09 12:50:02.664  6817  6817 F DEBUG   : uid: 10220
09-09 12:50:02.665  6817  6817 F DEBUG   : signal 6 (SIGABRT), code -1 (SI_QUEUE), fault addr --------
09-09 12:50:02.665  6817  6817 F DEBUG   : Abort message: 'terminating due to uncaught exception of type std::length_error: vector'
09-09 12:50:02.665  6817  6817 F DEBUG   :     rax 0000000000000000  rbx 000071ca83e51fc8  rcx 000071cdd5a8bb90  rdx 0000000000000006
09-09 12:50:02.665  6817  6817 F DEBUG   :     r8  000071ccdfc3d9d0  r9  000071ccdfc3d9d0  r10 000071ca83e51fd0  r11 0000000000000207
09-09 12:50:02.666  6817  6817 F DEBUG   :     r12 000071ca83e521a0  r13 0000003000000008  r14 0000000000001a50  r15 0000000000001a99
09-09 12:50:02.666  6817  6817 F DEBUG   :     rdi 0000000000001a50  rsi 0000000000001a99
09-09 12:50:02.666  6817  6817 F DEBUG   :     rbp 000071cc0fc69270  rsp 000071ca83e51fc0  rip 000071cdd5a8bb90
09-09 12:50:02.666  6817  6817 F DEBUG   : 64 total frames
09-09 12:50:02.666  6817  6817 F DEBUG   : backtrace:
09-09 12:50:02.666  6817  6817 F DEBUG   :       #00 pc 000000000005cb90  /apex/com.android.runtime/lib64/bionic/libc.so (abort+192) (BuildId: eb58b4d427279994f00c0e1818477e4f)
09-09 12:50:02.667  6817  6817 F DEBUG   :       #01 pc 000000000009dc6f  /data/app/~~Dl5oMMVQVFHwwIIJuPj6Tg==/com.petjiouser--z2e0ipfzfPM7XwutriOTg==/base.apk!libc++_shared.so (offset 0x2d64000) (BuildId: 734ab2eaa203afbb89147d313e46146617bd1a2c)
09-09 12:50:02.667  6817  6817 F DEBUG   :       #02 pc 000000000009cb0a  /data/app/~~Dl5oMMVQVFHwwIIJuPj6Tg==/com.petjiouser--z2e0ipfzfPM7XwutriOTg==/base.apk!libc++_shared.so (offset 0x2d64000) (BuildId: 734ab2eaa203afbb89147d313e46146617bd1a2c)
09-09 12:50:02.668  6817  6817 F DEBUG   :       #03 pc 000000000009cf12  /data/app/~~Dl5oMMVQVFHwwIIJuPj6Tg==/com.petjiouser--z2e0ipfzfPM7XwutriOTg==/base.apk!libc++_shared.so (offset 0x2d64000) (BuildId: 734ab2eaa203afbb89147d313e46146617bd1a2c)
09-09 12:50:02.668  6817  6817 F DEBUG   :       #04 pc 000000000009cec7  /data/app/~~Dl5oMMVQVFHwwIIJuPj6Tg==/com.petjiouser--z2e0ipfzfPM7XwutriOTg==/base.apk!libc++_shared.so (offset 0x2d64000) (std::terminate()+55) (BuildId: 734ab2eaa203afbb89147d313e46146617bd1a2c)
09-09 12:50:02.668  6817  6817 F DEBUG   :       #05 pc 00000000000ef1ca  /data/app/~~Dl5oMMVQVFHwwIIJuPj6Tg==/com.petjiouser--z2e0ipfzfPM7XwutriOTg==/base.apk!libappmodules.so (offset 0x2bd4000) (BuildId: 28799cd376d380062e7b22363a93b1cd83574e5f)
09-09 12:50:02.668  6817  6817 F DEBUG   :       #06 pc 0000000000122a9c  /data/app/~~Dl5oMMVQVFHwwIIJuPj6Tg==/com.petjiouser--z2e0ipfzfPM7XwutriOTg==/base.apk!libappmodules.so (offset 0x2bd4000) (void facebook::react::RawPropsParser::prepare<facebook::react::RNMapsWMSTileProps>()+2428) (BuildId: 28799cd376d380062e7b22363a93b1cd83574e5f)
09-09 12:50:02.668  6817  6817 F DEBUG   :       #07 pc 0000000000122085  /data/app/~~Dl5oMMVQVFHwwIIJuPj6Tg==/com.petjiouser--z2e0ipfzfPM7XwutriOTg==/base.apk!libappmodules.so (offset 0x2bd4000) (BuildId: 28799cd376d380062e7b22363a93b1cd83574e5f)
09-09 12:50:02.669  6817  6817 F DEBUG   :       #08 pc 0000000000121fdd  /data/app/~~Dl5oMMVQVFHwwIIJuPj6Tg==/com.petjiouser--z2e0ipfzfPM7XwutriOTg==/base.apk!libappmodules.so (offset 0x2bd4000) (std::__ndk1::unique_ptr<facebook::react::ComponentDescriptor const, std::__ndk1::default_delete<facebook::react::ComponentDescriptor const>> facebook::react::concreteComponentDescriptorConstructor<facebook::react::ConcreteComponentDescriptor<facebook::react::ConcreteViewShadowNode<&facebook::react::RNMapsWMSTileComponentName.<char const at offset 0>, facebook::react::RNMapsWMSTileProps, facebook::react::RNMapsWMSTileEventEmitter, facebook::react::RNMapsWMSTileState>>>(facebook::react::ComponentDescriptorParameters const&)+29) (BuildId: 28799cd376d380062e7b22363a93b1cd83574e5f)
09-09 12:50:02.669  6817  6817 F DEBUG   :       #09 pc 00000000003ea682  /data/app/~~Dl5oMMVQVFHwwIIJuPj6Tg==/com.petjiouser--z2e0ipfzfPM7XwutriOTg==/base.apk!libreactnative.so (offset 0x334c000) (facebook::react::ComponentDescriptorRegistry::add(facebook::react::ComponentDescriptorProvider) const+146) (BuildId: 6af745076cc67356)
09-09 12:50:02.669  6817  6817 F DEBUG   :       #10 pc 00000000003e9fad  /data/app/~~Dl5oMMVQVFHwwIIJuPj6Tg==/com.petjiouser--z2e0ipfzfPM7XwutriOTg==/base.apk!libreactnative.so (offset 0x334c000) (facebook::react::ComponentDescriptorProviderRegistry::createComponentDescriptorRegistry(facebook::react::ComponentDescriptorParameters const&) const+541) (BuildId: 6af745076cc67356)
09-09 12:50:02.670  6817  6817 F DEBUG   :       #11 pc 00000000003c481c  /data/app/~~Dl5oMMVQVFHwwIIJuPj6Tg==/com.petjiouser--z2e0ipfzfPM7XwutriOTg==/base.apk!libreactnative.so (offset 0x334c000) (BuildId: 6af745076cc67356)
09-09 12:50:02.670  6817  6817 F DEBUG   :       #12 pc 00000000004385bf  /data/app/~~Dl5oMMVQVFHwwIIJuPj6Tg==/com.petjiouser--z2e0ipfzfPM7XwutriOTg==/base.apk!libreactnative.so (offset 0x334c000) (facebook::react::Scheduler::Scheduler(facebook::react::SchedulerToolbox const&, facebook::react::UIManagerAnimationDelegate*, facebook::react::SchedulerDelegate*)+2751) (BuildId: 6af745076cc67356)
09-09 12:50:02.670  6817  6817 F DEBUG   :       #13 pc 00000000002a78e7  /data/app/~~Dl5oMMVQVFHwwIIJuPj6Tg==/com.petjiouser--z2e0ipfzfPM7XwutriOTg==/base.apk!libreactnative.so (offset 0x334c000) (facebook::react::FabricUIManagerBinding::installFabricUIManager(facebook::jni::alias_ref<facebook::jni::detail::JTypeFor<facebook::jni::HybridClass<facebook::react::JRuntimeExecutor, facebook::jni::detail::BaseHybridClass>::JavaPart, facebook::jni::JObject, void>::_javaobject*>, facebook::jni::alias_ref<facebook::jni::detail::JTypeFor<facebook::jni::HybridClass<facebook::react::JRuntimeScheduler, facebook::jni::detail::BaseHybridClass>::JavaPart, facebook::jni::JObject, void>::_javaobject*>, facebook::jni::alias_ref<facebook::jni::detail::JTypeFor<facebook::react::JFabricUIManager, facebook::jni::JObject, void>::_javaobject*>, facebook::react::EventBeatManager*, facebook::react::ComponentFactory*)+3815) (BuildId: 6af745076cc67356)
09-09 12:50:02.671  6817  6817 F DEBUG   :       #14 pc 00000000002ad1cb  /data/app/~~Dl5oMMVQVFHwwIIJuPj6Tg==/com.petjiouser--z2e0ipfzfPM7XwutriOTg==/base.apk!libreactnative.so (offset 0x334c000) (facebook::jni::detail::MethodWrapper<void (facebook::react::FabricUIManagerBinding::*)(facebook::jni::alias_ref<facebook::jni::detail::JTypeFor<facebook::jni::HybridClass<facebook::react::JRuntimeExecutor, facebook::jni::detail::BaseHybridClass>::JavaPart, facebook::jni::JObject, void>::_javaobject*>, facebook::jni::alias_ref<facebook::jni::detail::JTypeFor<facebook::jni::HybridClass<facebook::react::JRuntimeScheduler, facebook::jni::detail::BaseHybridClass>::JavaPart, facebook::jni::JObject, void>::_javaobject*>, facebook::jni::alias_ref<facebook::jni::detail::JTypeFor<facebook::react::JFabricUIManager, facebook::jni::JObject, void>::_javaobject*>, facebook::react::EventBeatManager*, facebook::react::ComponentFactory*), &facebook::react::FabricUIManagerBinding::installFabricUIManager(facebook::jni::alias_ref<facebook::jni::detail::JTypeFor<facebook::jni::HybridClass<facebook::react::JRuntimeExecutor, facebook::jni::detail::BaseHybridClass>::JavaPart, facebook::jni::JObject, void>::_javaobject*>, facebook::jni::alias_ref<facebook::jni::detail::JTypeFor<facebook::jni::HybridClass<facebook::react::JRuntimeScheduler, facebook::jni::detail::BaseHybridClass>::JavaPart, facebook::jni::JObject, void>::_javaobject*>, facebook::jni::alias_ref<facebook::jni::detail::JTypeFor<facebook::react::JFabricUIManager, facebook::jni::JObject, void>::_javaobject*>, facebook::react::EventBeatManager*, facebook::react::ComponentFactory*), facebook::react::FabricUIManagerBinding, void, facebook::jni::alias_ref<facebook::jni::detail::JTypeFor<facebook::jni::HybridClass<facebook::react::JRuntimeExecutor, facebook::jni::detail::BaseHybridClass>::JavaPart, facebook::jni::JObject, void>::_javaobject*>, facebook::jni::alias_ref<facebook::jni::detail::JTypeFor<facebook::jni::HybridClass<facebook::react::JRuntimeScheduler, facebook::jni::detail::BaseHybridClass>::JavaPart, facebook::jni::JObject, void>::_javaobject*>, facebook::jni::alias_ref<facebook::jni::detail::JTypeFor<facebook::react::JFabricUIManager, facebook::jni::JObject, void>::_javaobject*>, facebook::react::EventBeatManager*, facebook::react::ComponentFactory*>::dispatch(facebook::jni::alias_ref<facebook::jni::detail::JTypeFor<facebook::jni::HybridClass<facebook::react::FabricUIManagerBinding, facebook::jni::detail::BaseHybridClass>::JavaPart, facebook::jni::JObject, void>::_javaobject*>, facebook::jni::alias_ref<facebook::jni::detail::JTypeFor<facebook::jni::HybridClass<facebook::react::JRuntimeExecutor, facebook::jni::detail::BaseHybridClass>::JavaPart, facebook::jni::JObject, void>::_javaobject*>&&, facebook::jni::alias_ref<facebook::jni::detail::JTypeFor<facebook::jni::HybridClass<facebook::react::JRuntimeScheduler, facebook::jni::detail::BaseHybridClass>::JavaPart, facebook::jni::JObject, void>::_javaobject*>&&, facebook::jni::alias_ref<facebook::jni::detail::JTypeFor<facebook::react::JFabricUIManager, facebook::jni::JObject, void>::_javaobject*>&&, facebook::react::EventBeatManager*&&, facebook::react::ComponentFactory*&&)+123) (BuildId: 6af745076cc67356)
09-09 12:50:02.671  6817  6817 F DEBUG   :       #15 pc 00000000002aa141  /data/app/~~Dl5oMMVQVFHwwIIJuPj6Tg==/com.petjiouser--z2e0ipfzfPM7XwutriOTg==/base.apk!libreactnative.so (offset 0x334c000) (facebook::jni::detail::MethodWrapper<void (facebook::react::FabricUIManagerBinding::*)(facebook::jni::alias_ref<facebook::jni::detail::JTypeFor<facebook::jni::HybridClass<facebook::react::JRuntimeExecutor, facebook::jni::detail::BaseHybridClass>::JavaPart, facebook::jni::JObject, void>::_javaobject*>, facebook::jni::alias_ref<facebook::jni::detail::JTypeFor<facebook::jni::HybridClass<facebook::react::JRuntimeScheduler, facebook::jni::detail::BaseHybridClass>::JavaPart, facebook::jni::JObject, void>::_javaobject*>, facebook::jni::alias_ref<facebook::jni::detail::JTypeFor<facebook::react::JFabricUIManager, facebook::jni::JObject, void>::_javaobject*>, facebook::react::EventBeatManager*, facebook::react::ComponentFactory*), &facebook::react::FabricUIManagerBinding::installFabricUIManager(facebook::jni::alias_ref<facebook::jni::detail::JTypeFor<facebook::jni::HybridClass<facebook::react::JRuntimeExecutor, facebook::jni::detail::BaseHybridClass>::JavaPart, facebook::jni::JObject, void>::_javaobject*>, facebook::jni::alias_ref<facebook::jni::detail::JTypeFor<facebook::jni::HybridClass<facebook::react::JRuntimeScheduler, facebook::jni::detail::BaseHybridClass>::JavaPart, facebook::jni::JObject, void>::_javaobject*>, facebook::jni::alias_ref<facebook::jni::detail::JTypeFor<facebook::react::JFabricUIManager, facebook::jni::JObject, void>::_javaobject*>, facebook::react::EventBeatManager*, facebook::react::ComponentFactory*), facebook::react::FabricUIManagerBinding, void, facebook::jni::alias_ref<facebook::jni::detail::JTypeFor<facebook::jni::HybridClass<facebook::react::JRuntimeExecutor, facebook::jni::detail::BaseHybridClass>::JavaPart, facebook::jni::JObject, void>::_javaobject*>, facebook::jni::alias_ref<facebook::jni::detail::JTypeFor<facebook::jni::HybridClass<facebook::react::JRuntimeScheduler, facebook::jni::detail::BaseHybridClass>::JavaPart, facebook::jni::JObject, void>::_javaobject*>, facebook::jni::alias_ref<facebook::jni::detail::JTypeFor<facebook::react::JFabricUIManager, facebook::jni::JObject, void>::_javaobject*>, facebook::react::EventBeatManager*, facebook::react::ComponentFactory*>::call(_JNIEnv*, _jobject*, facebook::jni::detail::JTypeFor<facebook::jni::HybridClass<facebook::react::JRuntimeExecutor, facebook::jni::detail::BaseHybridClass>::JavaPart, facebook::jni::JObject, void>::_javaobject*, facebook::jni::detail::JTypeFor<facebook::jni::HybridClass<facebook::react::JRuntimeScheduler, facebook::jni::detail::BaseHybridClass>::JavaPart, facebook::jni::JObject, void>::_javaobject*, facebook::jni::detail::JTypeFor<facebook::react::JFabricUIManager, facebook::jni::JObject, void>::_javaobject*, facebook::jni::detail::JTypeFor<facebook::jni::HybridClass<facebook::react::EventBeatManager, facebook::jni::detail::BaseHybridClass>::JavaPart, facebook::jni::JObject, void>::_javaobject*, facebook::jni::detail::JTypeFor<facebook::jni::HybridClass<facebook::react::ComponentFactory, facebook::jni::detail::BaseHybridClass>::JavaPart, facebook::jni::JObject, void>::_javaobject*)+177) (BuildId: 6af745076cc67356)
09-09 12:50:02.673  6817  6817 F DEBUG   :       #16 pc 000000000021d265  /system/framework/x86_64/boot-framework.oat (art_jni_trampoline+245) (BuildId: bc047a67a4076b80992fbdfabdfba12acbd1924a)
