--------- beginning of main
09-09 12:49:55.362  1359  1359 I SafetyLabelChangedBroadcastReceiver: received broadcast packageName: com.petjiouser, current user: UserHandle{0}, packageChangeEvent: NEW_INSTALL, intent user: UserHandle{0}
09-09 12:49:55.366   663  3325 W Role    : Default holder doesn't have required signing certificate: com.google.android.apps.work.clouddpc:23962F4B43B9857638EA66F4D419518EAE282491ACDA4B94707BD59003C45E58
09-09 12:49:55.370  1124  1124 E CellBroadcastUtils: getDefaultCellBroadcastReceiverPackageName: no package found
09-09 12:49:55.415  1359  1376 I PermissionControllerServiceImpl: Updating user sensitive for uid 10220
09-09 12:49:55.437  1124  1319 D ImsResolver: maybeAddedImsService, packageName: com.petjiouser
09-09 12:49:55.472  1256  1301 D PackageUpdatedTask: Package updated: mOp=ADD packages=[com.petjiouser]
09-09 12:49:55.488  1527  1527 I AiAiEcho: AppFetcherImplV2 updateApps package:[com.petjiouser], userId:[0], reason:[package is added.].
09-09 12:49:55.514   663   663 W IPCThreadState: Sending oneway calls to frozen process.
09-09 12:49:55.514   663   663 W IPCThreadState: Sending oneway calls to frozen process.
09-09 12:49:55.514   663   663 W IPCThreadState: Sending oneway calls to frozen process.
09-09 12:49:55.516   663   663 W IPCThreadState: Sending oneway calls to frozen process.
09-09 12:49:55.516   663   663 W IPCThreadState: Sending oneway calls to frozen process.
09-09 12:49:55.521  1359  1376 I PermissionControllerServiceImpl: Updating user sensitive for uid 10220
09-09 12:49:55.534  1124  1124 D CarrierSvcBindHelper: onPackageModified: com.petjiouser
09-09 12:49:55.534  1124  1124 D CarrierSvcBindHelper: No carrier app for: 0
09-09 12:49:55.538   663  3325 E RoleControllerServiceImpl: Default/fallback role holder package doesn't qualify for the role, package: com.google.android.gms, role: android.app.role.WALLET
09-09 12:49:55.548   663  3325 E RoleControllerServiceImpl: Default/fallback role holder package doesn't qualify for the role, package: com.google.android.devicelockcontroller, role: android.app.role.SYSTEM_FINANCED_DEVICE_CONTROLLER
09-09 12:49:55.603  1124  1124 E SmsApplication: com.google.android.apps.messaging lost android:read_cell_broadcasts:  (fixing)
09-09 12:49:55.616  1256  1256 D StatsLog: LAUNCHER_ALLAPPS_COUNT
09-09 12:49:55.630   954   954 D ControlsListingControllerImpl: ServiceConfig reloaded, count: 0
09-09 12:49:55.632   954   954 D ControlsListingControllerImpl: ServiceConfig reloaded, count: 0
09-09 12:49:55.652  4460  4460 I Finsky:background: [2] Memory trim requested to level 40
09-09 12:49:55.654  1124  1124 E CellBroadcastUtils: getDefaultCellBroadcastReceiverPackageName: no package found
09-09 12:49:55.703  4460  4460 I Finsky:background: [2] Memory trim requested to level 40
09-09 12:49:55.717  4460  4460 I Finsky:background: [2] Memory trim requested to level 40
09-09 12:49:55.718  4460  4460 I Finsky:background: [2] Memory trim requested to level 40
09-09 12:49:55.750   663   685 W system_server: Suspending all threads took: 7.740ms
09-09 12:49:55.754  4460  4460 I Finsky:background: [2] afbo - Received: android.intent.action.PACKAGE_ADDED, [7-Qzmcih0-xTlM6wjAwh8IQxWbwqu9xh3_dXe0X2XZ4]
09-09 12:49:55.786  4448  4448 I Finsky  : [2] Memory trim requested to level 40
09-09 12:49:55.791  4448  4448 I Finsky  : [2] Flushing in-memory image cache
09-09 12:49:55.830  1124  1319 D ImsResolver: maybeAddedImsService, packageName: com.petjiouser
09-09 12:49:55.879  4448  4448 I Finsky  : [2] Memory trim requested to level 40
09-09 12:49:55.879  4448  4448 I Finsky  : [2] Flushing in-memory image cache
--------- beginning of system
09-09 12:49:55.890   663  2260 D ActivityManager: sync unfroze 2194 com.google.android.apps.wellbeing for 7
09-09 12:49:55.907  4448  4448 I Finsky  : [2] afca - Received: android.intent.action.PACKAGE_ADDED, [7-Qzmcih0-xTlM6wjAwh8IQxWbwqu9xh3_dXe0X2XZ4]
09-09 12:49:55.974   663  2260 W ContentProviderHelper: Slow operation: 238ms so far, now at getContentProviderImpl: after updateOomAdj
09-09 12:49:55.979   663  1707 W ParceledListSlice: Element #28 is 19796 bytes.
09-09 12:49:55.981   663  2260 W ContentProviderHelper: Slow operation: 242ms so far, now at getContentProviderImpl: done!
09-09 12:49:55.985   663  1707 W ParceledListSlice: Element #29 is 19976 bytes.
09-09 12:49:55.995   663  2260 W ParceledListSlice: Element #30 is 20236 bytes.
09-09 12:49:56.000   663  2260 W ParceledListSlice: Element #31 is 19700 bytes.
09-09 12:49:56.010  4448  4448 I Finsky  : [2] DTU: Received onPackageAdded, replacing: false
09-09 12:49:56.011  4448  4448 I Finsky  : [2] AIM: AppInfoCacheUpdater -> invalidating apps: [com.petjiouser]
09-09 12:49:56.011  1527  2402 W PackageManager: Failure retrieving text 0x7f130786 in package com.android.systemui
09-09 12:49:56.011  1527  2402 W PackageManager: android.content.res.Resources$NotFoundException: String resource ID #0x7f130786
09-09 12:49:56.011  1527  2402 W PackageManager: 	at android.content.res.Resources.getText(Resources.java:466)
09-09 12:49:56.011  1527  2402 W PackageManager: 	at android.app.ApplicationPackageManager.getText(ApplicationPackageManager.java:2405)
09-09 12:49:56.011  1527  2402 W PackageManager: 	at android.appwidget.AppWidgetProviderInfo.loadDescription(AppWidgetProviderInfo.java:484)
09-09 12:49:56.011  1527  2402 W PackageManager: 	at kml.a(PG:341)
09-09 12:49:56.011  1527  2402 W PackageManager: 	at kmg.b(PG:39)
09-09 12:49:56.011  1527  2402 W PackageManager: 	at aaer.g(PG:13)
09-09 12:49:56.011  1527  2402 W PackageManager: 	at kotlinx.coroutines.DispatchedTask.run(PG:114)
09-09 12:49:56.011  1527  2402 W PackageManager: 	at java.util.concurrent.Executors$RunnableAdapter.call(Executors.java:487)
09-09 12:49:56.011  1527  2402 W PackageManager: 	at wqm.a(PG:3)
09-09 12:49:56.011  1527  2402 W PackageManager: 	at wpo.run(PG:21)
09-09 12:49:56.011  1527  2402 W PackageManager: 	at wqn.run(PG:5)
09-09 12:49:56.011  1527  2402 W PackageManager: 	at java.util.concurrent.Executors$RunnableAdapter.call(Executors.java:487)
09-09 12:49:56.011  1527  2402 W PackageManager: 	at java.util.concurrent.FutureTask.run(FutureTask.java:264)
09-09 12:49:56.011  1527  2402 W PackageManager: 	at java.util.concurrent.ScheduledThreadPoolExecutor$ScheduledFutureTask.run(ScheduledThreadPoolExecutor.java:307)
09-09 12:49:56.011  1527  2402 W PackageManager: 	at java.util.concurrent.ThreadPoolExecutor.runWorker(ThreadPoolExecutor.java:1145)
09-09 12:49:56.011  1527  2402 W PackageManager: 	at java.util.concurrent.ThreadPoolExecutor$Worker.run(ThreadPoolExecutor.java:644)
09-09 12:49:56.011  1527  2402 W PackageManager: 	at hqv.run(PG:221)
09-09 12:49:56.011  1527  2402 W PackageManager: 	at java.lang.Thread.run(Thread.java:1012)
09-09 12:49:56.016  4448  4448 I Finsky  : [2] AIM: AppInfoManager-Perf > getApps > called for 1 apps
09-09 12:49:56.023  4448  4518 I Finsky  : [83] AIM: AppInfoManager-Perf > OnDeviceAppInfo > cacheHitCount=0, cacheMissCount=1. Missed  in cache (limit 10) : [com.petjiouser]
09-09 12:49:56.051  1527  2402 I AiAiEcho: EchoSearch: WidgetFetcherImpl is initialized with [35] widgets [reason=package added for userId: 0]
09-09 12:49:56.051  4448  4506 I Finsky  : [71] AIM: Got app ownership map. App counts: . Unique apps: 0
09-09 12:49:56.052  4448  6715 I Finsky  : [299] SCH: Received scheduling request: Id: 12-1, Constraints: [{ L: 15000, D: 86400000, C: CHARGING_NONE, I: IDLE_NONE, N: NET_ANY, B: BATTERY_ANY }]
09-09 12:49:56.056  4448  4506 E Finsky  : [71] [Counters] attempted to use a non-positive increment for: 4752
09-09 12:49:56.057  6555  6555 I artd    : Dex parent of /data/app/~~Dl5oMMVQVFHwwIIJuPj6Tg==/com.petjiouser--z2e0ipfzfPM7XwutriOTg==/base.apk is not writable: Permission denied
09-09 12:49:56.057  6555  6555 I artd    : GetBestInfo checking odex in dalvik-cache (/data/dalvik-cache/x86_64/data@app@~~Dl5oMMVQVFHwwIIJuPj6Tg==@com.petjiouser--z2e0ipfzfPM7XwutriOTg==@base.apk@classes.dex)
09-09 12:49:56.057  6555  6555 I artd    : Loading /data/dalvik-cache/x86_64/data@app@~~Dl5oMMVQVFHwwIIJuPj6Tg==@com.petjiouser--z2e0ipfzfPM7XwutriOTg==@base.apk@classes.dex with executable: 0
09-09 12:49:56.058  6555  6555 I artd    : OatFileAssistant test for existing oat file /data/dalvik-cache/x86_64/data@app@~~Dl5oMMVQVFHwwIIJuPj6Tg==@com.petjiouser--z2e0ipfzfPM7XwutriOTg==@base.apk@classes.dex: File /data/dalvik-cache/x86_64/data@app@~~Dl5oMMVQVFHwwIIJuPj6Tg==@com.petjiouser--z2e0ipfzfPM7XwutriOTg==@base.apk@classes.vdex does not exist.
09-09 12:49:56.058  6555  6555 I artd    : GetBestInfo checking odex next to the dex file (/data/app/~~Dl5oMMVQVFHwwIIJuPj6Tg==/com.petjiouser--z2e0ipfzfPM7XwutriOTg==/oat/x86_64/base.odex)
09-09 12:49:56.058  6555  6555 I artd    : Loading /data/app/~~Dl5oMMVQVFHwwIIJuPj6Tg==/com.petjiouser--z2e0ipfzfPM7XwutriOTg==/oat/x86_64/base.odex with executable: 0
09-09 12:49:56.061  6555  6555 I artd    : Successfully loaded /data/app/~~Dl5oMMVQVFHwwIIJuPj6Tg==/com.petjiouser--z2e0ipfzfPM7XwutriOTg==/oat/x86_64/base.odex with executable: 0
09-09 12:49:56.063  6555  6555 I artd    : /data/app/~~Dl5oMMVQVFHwwIIJuPj6Tg==/com.petjiouser--z2e0ipfzfPM7XwutriOTg==/oat/x86_64/base.odex is kOatUpToDate with filter verify
09-09 12:49:56.087  1256  1635 D EGL_emulation: app_time_stats: avg=56041.07ms min=56041.07ms max=56041.07ms count=1
09-09 12:49:56.098  4460  6714 I Finsky:background: [173] Wrote row to frosting DB: 2641
09-09 12:49:56.119  4460  4460 I Finsky:background: [2] afbo - Received: android.intent.action.PACKAGE_CHANGED, [7-Qzmcih0-xTlM6wjAwh8IQxWbwqu9xh3_dXe0X2XZ4]
09-09 12:49:56.124  4448  4506 E Finsky  : [71] [Counters] attempted to use a non-positive increment for: 4753
09-09 12:49:56.139   663   710 W MagnificationConnectionManager: requestConnection duplicated request: connect=false, mConnectionState=DISCONNECTED
09-09 12:49:56.145   663   663 W IPCThreadState: Sending oneway calls to frozen process.
09-09 12:49:56.145  1527  1527 I AiAiEcho: AppFetcherImpl onPackageChanged com.petjiouser.
09-09 12:49:56.146   663   663 W IPCThreadState: Sending oneway calls to frozen process.
09-09 12:49:56.147   663   663 W IPCThreadState: Sending oneway calls to frozen process.
09-09 12:49:56.154  1527  6727 I AiAiEcho: AppIndexer Package:[com.petjiouser] UserProfile:[0] Enabled:[true].
09-09 12:49:56.154  1527  6727 I AiAiEcho: AppFetcherImplV2 updateApps package:[com.petjiouser], userId:[0], reason:[package is updated.].
09-09 12:49:56.203   663  1790 W ActivityTaskManager: callingPackage for (uid=2000, pid=6723) has no WPC
09-09 12:49:56.203  4448  4448 I Finsky  : [2] Do not start WearSupportService due to Wear service optimization
09-09 12:49:56.205  4448  4448 I Finsky  : [2] Clearing split related stale data.
09-09 12:49:56.205  4448  4518 I Finsky  : [83] AIM: AppInfoManager-Perf > OnDeviceAppInfo > cacheHitCount=0, cacheMissCount=1. Missed  in cache (limit 10) : [com.petjiouser]
09-09 12:49:56.205  4448  4518 I Finsky  : [83] AIM: Got app ownership map. App counts: . Unique apps: 0
09-09 12:49:56.205  4448  4518 E Finsky  : [83] [Counters] attempted to use a non-positive increment for: 4752
09-09 12:49:56.206  4448  4505 E Finsky  : [70] [Counters] attempted to use a non-positive increment for: 4753
09-09 12:49:56.219  1256  1301 D PackageUpdatedTask: Package updated: mOp=UPDATE packages=[com.petjiouser]
09-09 12:49:56.247   663  1790 W OptProp : Cannot read opt property android.window.PROPERTY_COMPAT_ALLOW_USER_ASPECT_RATIO_OVERRIDE
09-09 12:49:56.247   663  1790 W OptProp : Cannot read opt property android.window.PROPERTY_COMPAT_ALLOW_USER_ASPECT_RATIO_FULLSCREEN_OVERRIDE
09-09 12:49:56.254   663  1790 W OptProp : Cannot read opt property android.window.PROPERTY_COMPAT_ALLOW_ORIENTATION_OVERRIDE
09-09 12:49:56.266  4460  4546 I Finsky:background: [62] RECEIVER_PACKAGE_MONITOR_BACKGROUND#logWorkEndAndFinishGoAsync: SUCCESS
09-09 12:49:56.285  4460  6714 I Finsky:background: [173] Wrote row to frosting DB: 2642
09-09 12:49:56.290   663  1790 V GrammaticalInflectionUtils: AttributionSource: android.content.AttributionSource@9f3937ec does not have READ_SYSTEM_GRAMMATICAL_GENDER permission.
09-09 12:49:56.290   663   685 I system_server: Background concurrent mark compact GC freed 25MB AllocSpace bytes, 41(1076KB) LOS objects, 41% free, 33MB/57MB, paused 44.614ms,46.067ms total 1.189s
09-09 12:49:56.295   663  1790 W OptProp : Cannot read opt property android.window.PROPERTY_COMPAT_ALLOW_RESIZEABLE_ACTIVITY_OVERRIDES
09-09 12:49:56.307   663  1790 W OptProp : Cannot read opt property android.window.PROPERTY_COMPAT_ALLOW_MIN_ASPECT_RATIO_OVERRIDE
09-09 12:49:56.369   663   687 W System  : A resource failed to call close. 
09-09 12:49:56.370   663   687 W System  : A resource failed to call close. 
09-09 12:49:56.370   663   687 W system_server: ApkAssets: Deleting an ApkAssets object '<empty> and /data/app/~~1ApsKr8OfDcEttccUv1F0g==/com.google.android.gms-GGfACVGju1pdhwHYMWRBDA==/base.apk' with 1 weak references
09-09 12:49:56.371   663   687 W system_server: ApkAssets: Deleting an ApkAssets object '<empty> and /data/app/~~1ApsKr8OfDcEttccUv1F0g==/com.google.android.gms-GGfACVGju1pdhwHYMWRBDA==/split_AdsDynamite_installtime.apk' with 1 weak references
09-09 12:49:56.372   663   687 W system_server: ApkAssets: Deleting an ApkAssets object '<empty> and /data/app/~~1ApsKr8OfDcEttccUv1F0g==/com.google.android.gms-GGfACVGju1pdhwHYMWRBDA==/split_CronetDynamite_installtime.apk' with 1 weak references
09-09 12:49:56.373  4460  6714 I Finsky:background: [173] Wrote row to frosting DB: 2643
09-09 12:49:56.380   663   687 W system_server: ApkAssets: Deleting an ApkAssets object '<empty> and /data/app/~~1ApsKr8OfDcEttccUv1F0g==/com.google.android.gms-GGfACVGju1pdhwHYMWRBDA==/split_DynamiteLoader_installtime.apk' with 1 weak references
09-09 12:49:56.382   663   687 W system_server: ApkAssets: Deleting an ApkAssets object '<empty> and /data/app/~~1ApsKr8OfDcEttccUv1F0g==/com.google.android.gms-GGfACVGju1pdhwHYMWRBDA==/split_DynamiteModulesA_installtime.apk' with 1 weak references
09-09 12:49:56.382   663   687 W system_server: ApkAssets: Deleting an ApkAssets object '<empty> and /data/app/~~1ApsKr8OfDcEttccUv1F0g==/com.google.android.gms-GGfACVGju1pdhwHYMWRBDA==/split_DynamiteModulesC_installtime.apk' with 1 weak references
09-09 12:49:56.382   663   687 W system_server: ApkAssets: Deleting an ApkAssets object '<empty> and /data/app/~~1ApsKr8OfDcEttccUv1F0g==/com.google.android.gms-GGfACVGju1pdhwHYMWRBDA==/split_GoogleCertificates_installtime.apk' with 1 weak references
09-09 12:49:56.383   663   687 W system_server: ApkAssets: Deleting an ApkAssets object '<empty> and /data/app/~~1ApsKr8OfDcEttccUv1F0g==/com.google.android.gms-GGfACVGju1pdhwHYMWRBDA==/split_MapsDynamite_installtime.apk' with 1 weak references
09-09 12:49:56.383   663   687 W system_server: ApkAssets: Deleting an ApkAssets object '<empty> and /data/app/~~1ApsKr8OfDcEttccUv1F0g==/com.google.android.gms-GGfACVGju1pdhwHYMWRBDA==/split_MeasurementDynamite_installtime.apk' with 1 weak references
09-09 12:49:56.383   663   687 W system_server: ApkAssets: Deleting an ApkAssets object '<empty> and /data/app/~~1ApsKr8OfDcEttccUv1F0g==/com.google.android.gms-GGfACVGju1pdhwHYMWRBDA==/split_config.en.apk' with 1 weak references
09-09 12:49:56.383   663   687 W system_server: ApkAssets: Deleting an ApkAssets object '<empty> and /data/app/~~1ApsKr8OfDcEttccUv1F0g==/com.google.android.gms-GGfACVGju1pdhwHYMWRBDA==/split_config.xxhdpi.apk' with 1 weak references
09-09 12:49:56.383   663   687 W system_server: ApkAssets: Deleting an ApkAssets object '<empty> and /data/app/~~xWJZa60bcalemV5q-SivKw==/com.google.android.gm-SSm2WWs1BbOg2bzaAtcTRw==/base.apk' with 1 weak references
09-09 12:49:56.385   663   687 W system_server: ApkAssets: Deleting an ApkAssets object '<empty> and /data/app/~~95JU3qG5lSvOR-cxPnXyag==/com.google.android.googlequicksearchbox-AaX4wSpaILTsAIgvV3MCAw==/base.apk' with 1 weak references
09-09 12:49:56.387   663   687 W system_server: ApkAssets: Deleting an ApkAssets object '<empty> and /data/app/~~95JU3qG5lSvOR-cxPnXyag==/com.google.android.googlequicksearchbox-AaX4wSpaILTsAIgvV3MCAw==/split_config.xxhdpi.apk' with 1 weak references
09-09 12:49:56.388   663   687 W system_server: ApkAssets: Deleting an ApkAssets object '<empty> and /data/app/~~95JU3qG5lSvOR-cxPnXyag==/com.google.android.googlequicksearchbox-AaX4wSpaILTsAIgvV3MCAw==/split_lens_ondevice_engine_play_ml_module.apk' with 1 weak references
09-09 12:49:56.400   663   687 W system_server: ApkAssets: Deleting an ApkAssets object '<empty> and /data/app/~~xWJZa60bcalemV5q-SivKw==/com.google.android.gm-SSm2WWs1BbOg2bzaAtcTRw==/split_config.en.apk' with 1 weak references
09-09 12:49:56.400   663   687 W system_server: ApkAssets: Deleting an ApkAssets object '<empty> and /data/app/~~xWJZa60bcalemV5q-SivKw==/com.google.android.gm-SSm2WWs1BbOg2bzaAtcTRw==/split_config.x86_64.apk' with 1 weak references
09-09 12:49:56.401   663   687 W system_server: ApkAssets: Deleting an ApkAssets object '<empty> and /data/app/~~xWJZa60bcalemV5q-SivKw==/com.google.android.gm-SSm2WWs1BbOg2bzaAtcTRw==/split_config.xxhdpi.apk' with 1 weak references
09-09 12:49:56.401   663   687 W system_server: ApkAssets: Deleting an ApkAssets object '<empty> and /data/app/~~1F4R9PN3Dle8cL-RETCreA==/com.google.android.apps.docs-jEwPl5k3xMGEzVvsEt6stg==/base.apk' with 1 weak references
09-09 12:49:56.401   954  1021 V WindowManagerShell: Transition requested (#27): android.os.BinderProxy@657d994 TransitionRequestInfo { type = OPEN, triggerTask = TaskInfo{userId=0 taskId=65 displayId=0 isRunning=true baseIntent=Intent { flg=0x10000000 cmp=com.petjiouser/.MainActivity } baseActivity=ComponentInfo{com.petjiouser/com.petjiouser.MainActivity} topActivity=ComponentInfo{com.petjiouser/com.petjiouser.MainActivity} origActivity=null realActivity=ComponentInfo{com.petjiouser/com.petjiouser.MainActivity} numActivities=1 lastActiveTime=1692391 supportsMultiWindow=true resizeMode=1 isResizeable=true minWidth=-1 minHeight=-1 defaultMinSize=220 token=WCT{android.window.IWindowContainerToken$Stub$Proxy@42aec3d} topActivityType=1 pictureInPictureParams=null shouldDockBigOverlays=false launchIntoPipHostTaskId=-1 lastParentTaskIdBeforePip=-1 displayCutoutSafeInsets=Rect(0, 159 - 0, 0) topActivityInfo=ActivityInfo{e6f5c32 com.petjiouser.MainActivity} launchCookies=[] positionInParent=Point(0, 0) parentTaskId=-1 isFocused=false isVisible=false isVisibleRequested=false isSleeping=false locusId=null displayAreaFeatureId=1 isTopActivityTransparent=false appCompatTaskInfo=AppCompatTaskInfo { topActivityInSizeCompat=false topActivityEligibleForLetterboxEducation= falseisLetterboxEducationEnabled= true isLetterboxDoubleTapEnabled= false topActivityEligibleForUserAspectRatioButton= false topActivityBoundsLetterboxed= false isFromLetterboxDoubleTap= false topActivityLetterboxVerticalPosition= -1 topActivityLetterboxHorizontalPosition= -1 topActivityLetterboxWidth=1344 topActivityLetterboxHeight=2992 isUserFullscreenOverrideEnabled=false isSystemFullscreenOverrideEnabled=false cameraCompatTaskInfo=CameraCompatTaskInfo { cameraCompatControlState=hidden freeformCameraCompatMode=inactive}}}, pipTask = null, remoteTransition = null, displayChange = null, flags = 0, debugId = 27 }
09-09 12:49:56.402   663   687 W system_server: ApkAssets: Deleting an ApkAssets object '<empty> and /data/app/~~1F4R9PN3Dle8cL-RETCreA==/com.google.android.apps.docs-jEwPl5k3xMGEzVvsEt6stg==/split_config.en.apk' with 1 weak references
09-09 12:49:56.402   663   687 W system_server: ApkAssets: Deleting an ApkAssets object '<empty> and /data/app/~~1F4R9PN3Dle8cL-RETCreA==/com.google.android.apps.docs-jEwPl5k3xMGEzVvsEt6stg==/split_config.x86_64.apk' with 1 weak references
09-09 12:49:56.402   663   687 W system_server: ApkAssets: Deleting an ApkAssets object '<empty> and /data/app/~~1F4R9PN3Dle8cL-RETCreA==/com.google.android.apps.docs-jEwPl5k3xMGEzVvsEt6stg==/split_config.xxhdpi.apk' with 1 weak references
09-09 12:49:56.402   663   687 W system_server: ApkAssets: Deleting an ApkAssets object '<empty> and /data/app/~~52tAm8nJqNtedm3xgYIiTA==/com.google.android.calendar-vLzTg92rsYv63e_XB5WcdA==/base.apk' with 1 weak references
09-09 12:49:56.402   663   687 W system_server: ApkAssets: Deleting an ApkAssets object '<empty> and /data/app/~~52tAm8nJqNtedm3xgYIiTA==/com.google.android.calendar-vLzTg92rsYv63e_XB5WcdA==/split_config.en.apk' with 1 weak references
09-09 12:49:56.403   663   687 W system_server: ApkAssets: Deleting an ApkAssets object '<empty> and /data/app/~~52tAm8nJqNtedm3xgYIiTA==/com.google.android.calendar-vLzTg92rsYv63e_XB5WcdA==/split_config.x86_64.apk' with 1 weak references
09-09 12:49:56.403   663   687 W system_server: ApkAssets: Deleting an ApkAssets object '<empty> and /data/app/~~52tAm8nJqNtedm3xgYIiTA==/com.google.android.calendar-vLzTg92rsYv63e_XB5WcdA==/split_config.xxhdpi.apk' with 1 weak references
09-09 12:49:56.404   663  1790 I ActivityTaskManager: START u0 {flg=0x10000000 cmp=com.petjiouser/.MainActivity} with LAUNCH_SINGLE_TASK from uid 2000 (BAL_ALLOW_PERMISSION) result code=0
09-09 12:49:56.431   663   687 W System  : A resource failed to call close. 
09-09 12:49:56.446   663   687 W system_server: ApkAssets: Deleting an ApkAssets object '<empty> and /system/priv-app/InputDevices/InputDevices.apk' with 1 weak references
09-09 12:49:56.447   663   687 W system_server: ApkAssets: Deleting an ApkAssets object '<empty> and /product/app/talkback/talkback.apk' with 1 weak references
09-09 12:49:56.448   663   687 W system_server: ApkAssets: Deleting an ApkAssets object '/vendor/overlay/EmulatorTalkBackOverlay/EmulatorTalkBackOverlay.apk' with 1 weak references
09-09 12:49:56.448   663   687 W system_server: ApkAssets: Deleting an ApkAssets object '<empty> and /data/app/~~Lo2QC1fh5hNknZ8kq9-d8Q==/com.google.android.tts--1m1lgfW4mnyLzyzqyJgEw==/base.apk' with 1 weak references
09-09 12:49:56.453   663   687 W system_server: ApkAssets: Deleting an ApkAssets object '<empty> and /data/app/~~Lo2QC1fh5hNknZ8kq9-d8Q==/com.google.android.tts--1m1lgfW4mnyLzyzqyJgEw==/split_config.en.apk' with 1 weak references
09-09 12:49:56.453   663   687 W system_server: ApkAssets: Deleting an ApkAssets object '<empty> and /data/app/~~Lo2QC1fh5hNknZ8kq9-d8Q==/com.google.android.tts--1m1lgfW4mnyLzyzqyJgEw==/split_config.x86_64.apk' with 1 weak references
09-09 12:49:56.453   663   687 W system_server: ApkAssets: Deleting an ApkAssets object '<empty> and /data/app/~~Lo2QC1fh5hNknZ8kq9-d8Q==/com.google.android.tts--1m1lgfW4mnyLzyzqyJgEw==/split_config.xxhdpi.apk' with 1 weak references
09-09 12:49:56.454   663   687 W system_server: ApkAssets: Deleting an ApkAssets object '<empty> and /system_ext/app/AccessibilityMenu/AccessibilityMenu.apk' with 1 weak references
09-09 12:49:56.454   663   687 W system_server: ApkAssets: Deleting an ApkAssets object '/product/overlay/AccessibilityMenu__sdk_gphone64_x86_64__auto_generated_rro_product.apk' with 1 weak references
09-09 12:49:56.454  4460  6714 I Finsky:background: [173] Wrote row to frosting DB: 2644
09-09 12:49:56.469   495   495 I BpBinder: onLastStrongRef automatically unlinking death recipients: 
09-09 12:49:56.474  1256  1256 W SplitSelectStateCtor: Missing session instanceIds
09-09 12:49:56.474  1256  1256 D StatsLog: LAUNCHER_SPLIT_SELECTION_EXIT_INTERRUPTED
09-09 12:49:56.487  4448  4505 I Finsky  : [70] AIM: AppInfoManager-Perf > ItemModel > CacheSize=34, cacheHitCount=0, cacheMissCount=0, total appsWithNoServerDataCount=2. Missed  in cache (limit 10) : []
09-09 12:49:56.487   663   700 V GrammaticalInflectionUtils: AttributionSource: android.content.AttributionSource@9f3937ec does not have READ_SYSTEM_GRAMMATICAL_GENDER permission.
09-09 12:49:56.488   663  2259 I AppsFilter: interaction: PackageSetting{d264431 com.android.microdroid.empty_payload/10192} -> PackageSetting{6bec800 com.petjiouser/10220} BLOCKED
09-09 12:49:56.488   663  2259 I AppsFilter: interaction: PackageSetting{6958897 com.petjiovendorapp/10211} -> PackageSetting{6bec800 com.petjiouser/10220} BLOCKED
09-09 12:49:56.495   954  1021 D WindowManagerShell: setLauncherKeepClearAreaHeight: visible=false, height=683
09-09 12:49:56.498  1202  6734 I Fitness : (REDACTED) OnPackageChangedOperation got intent: %s
09-09 12:49:56.541   663   700 W ActivityManager: Slow operation: 58ms so far, now at startProcess: done creating new process record
09-09 12:49:56.541   663   700 W ActivityManager: Slow operation: 58ms so far, now at startProcess: stepping in to startProcess
09-09 12:49:56.551  1256  1256 I TopTaskTracker: onTaskMovedToFront: (moved taskInfo to front) taskId=65, baseIntent=Intent { flg=0x10000000 cmp=com.petjiouser/.MainActivity }
09-09 12:49:56.554   663   700 W ActivityManager: Slow operation: 70ms so far, now at startProcess: done starting proc!
09-09 12:49:56.600  4448  4506 I Finsky  : [71] AIM: AppInfoManager-Perf > ItemModel > CacheSize=34, cacheHitCount=0, cacheMissCount=0, total appsWithNoServerDataCount=2. Missed  in cache (limit 10) : []
09-09 12:49:56.616   424   424 D Zygote  : Forked child process 6736
09-09 12:49:56.629   663   712 W ActivityManager: Slow operation: 87ms so far, now at startProcess: returned from zygote!
09-09 12:49:56.634  1202  6733 I ProximityAuth: [RecentAppsMediator] Package added: (user=UserHandle{0}) com.petjiouser
09-09 12:49:56.650  4460  4570 I Finsky:background: [68] RECEIVER_ENGAGE_PACKAGE_CHANGED#logWorkEndAndFinishGoAsync: SKIPPED_PRECONDITIONS_UNMET
09-09 12:49:56.659  1202  6739 W GCM     : Unexpected forwarded intent: Intent { act=android.intent.action.PACKAGE_ADDED dat=package: flg=0x4000010 pkg=com.google.android.gms cmp=com.google.android.gms/.chimera.PersistentIntentOperationService (has extras) }
09-09 12:49:56.671  1256  1256 D StatsLog: LAUNCHER_ALLAPPS_COUNT
09-09 12:49:56.706  1202  6740 W NetworkScheduler: Unexpected forwarded intent: Intent { act=android.intent.action.PACKAGE_ADDED dat=package: flg=0x4000010 pkg=com.google.android.gms cmp=com.google.android.gms/.chimera.PersistentIntentOperationService (has extras) }
09-09 12:49:56.708  6736  6736 I com.petjiouser: Using CollectorTypeCMC GC.
09-09 12:49:56.720  6736  6736 W com.petjiouser: Unexpected CPU variant for x86: x86_64.
09-09 12:49:56.720  6736  6736 W com.petjiouser: Known variants: atom, sandybridge, silvermont, goldmont, goldmont-plus, goldmont-without-sha-xsaves, tremont, kabylake, default
09-09 12:49:56.725  6736  6736 E com.petjiouser: Not starting debugger since process cannot load the jdwp agent.
09-09 12:49:56.769  6736  6736 D nativeloader: Load libframework-connectivity-tiramisu-jni.so using APEX ns com_android_tethering for caller /apex/com.android.tethering/javalib/framework-connectivity-t.jar: ok
09-09 12:49:56.889   663   712 W ActivityManager: Slow operation: 348ms so far, now at startProcess: done updating battery stats
09-09 12:49:56.889   663   712 W ActivityManager: Slow operation: 348ms so far, now at startProcess: building log message
09-09 12:49:56.889   663   712 I ActivityManager: Start proc 6736:com.petjiouser/u0a220 for next-top-activity {com.petjiouser/com.petjiouser.MainActivity}
09-09 12:49:56.890   663   712 W ActivityManager: Slow operation: 349ms so far, now at startProcess: starting to update pids map
09-09 12:49:56.890   663   712 W ActivityManager: Slow operation: 349ms so far, now at startProcess: done updating pids map
09-09 12:49:56.923  1124  1131 I m.android.phone: Background concurrent mark compact GC freed 3628KB AllocSpace bytes, 0(0B) LOS objects, 49% free, 3300KB/6601KB, paused 4.795ms,18.275ms total 1.080s
09-09 12:49:56.959   663  1707 D CoreBackPreview: Window{ec78fdf u0 Splash Screen com.petjiouser}: Setting back callback OnBackInvokedCallbackInfo{mCallback=android.window.IOnBackInvokedCallback$Stub$Proxy@f66c636, mPriority=0, mIsAnimationCallback=false}
09-09 12:49:56.981  4448  4448 I Finsky  : [2] afca - Received: android.intent.action.PACKAGE_CHANGED, [7-Qzmcih0-xTlM6wjAwh8IQxWbwqu9xh3_dXe0X2XZ4]
09-09 12:49:57.003   663   763 W ProcessStats: Tracking association SourceState{2005df9 com.android.vending:background/10142 Receivr #4900} whose proc state 10 is better than process ProcessState{e60113e com.android.vending/10142 pkg=com.android.vending (sub)} proc state 14 (4 skipped)
09-09 12:49:57.004   663  1790 V SafetySourceDataValidat: Package: com.android.vending has expected signature
09-09 12:49:57.004   663  1790 V SafetySourceDataValidat: Package: com.android.vending has expected signature
09-09 12:49:57.015  4448  4476 I Finsky  : [52] SCH: Received scheduling request: Id: 37-86, Constraints: [{ L: 0, D: 0, C: CHARGING_NONE, I: IDLE_NONE, N: NET_NONE, B: BATTERY_ANY }]
09-09 12:49:57.075  6736  6736 D ApplicationLoaders: Returning zygote-cached class loader: /system/framework/org.apache.http.legacy.jar
09-09 12:49:57.107  6736  6736 D nativeloader: Configuring clns-7 for other apk /data/app/~~Dl5oMMVQVFHwwIIJuPj6Tg==/com.petjiouser--z2e0ipfzfPM7XwutriOTg==/base.apk. target_sdk_version=36, uses_libraries=, library_path=/data/app/~~Dl5oMMVQVFHwwIIJuPj6Tg==/com.petjiouser--z2e0ipfzfPM7XwutriOTg==/lib/x86_64:/data/app/~~Dl5oMMVQVFHwwIIJuPj6Tg==/com.petjiouser--z2e0ipfzfPM7XwutriOTg==/base.apk!/lib/x86_64, permitted_path=/data:/mnt/expand:/data/user/0/com.petjiouser
09-09 12:49:57.159   663   698 W Looper  : Slow dispatch took 182ms android.ui h=com.android.server.am.ActivityManagerService$UiHandler c=com.android.server.am.UidObserverController$$ExternalSyntheticLambda0@34e6c57 m=0
09-09 12:49:57.191  4448  4448 I Finsky  : [2] AIM: AppInfoCacheUpdater -> invalidating apps: [com.petjiouser]
09-09 12:49:57.191  4448  4448 I Finsky  : [2] AIM: AppInfoManager-Perf > getApps > called for 1 apps
09-09 12:49:57.201  4448  4505 I Finsky  : [70] AIM: AppInfoManager-Perf > OnDeviceAppInfo > cacheHitCount=0, cacheMissCount=1. Missed  in cache (limit 10) : [com.petjiouser]
09-09 12:49:57.206  1256  1635 D EGL_emulation: app_time_stats: avg=59.63ms min=14.72ms max=249.97ms count=16
09-09 12:49:57.206  6555  6555 I artd    : Dex parent of /data/app/~~Dl5oMMVQVFHwwIIJuPj6Tg==/com.petjiouser--z2e0ipfzfPM7XwutriOTg==/base.apk is not writable: Permission denied
09-09 12:49:57.207  6555  6555 I artd    : GetBestInfo checking odex in dalvik-cache (/data/dalvik-cache/x86_64/data@app@~~Dl5oMMVQVFHwwIIJuPj6Tg==@com.petjiouser--z2e0ipfzfPM7XwutriOTg==@base.apk@classes.dex)
09-09 12:49:57.207  6555  6555 I artd    : Loading /data/dalvik-cache/x86_64/data@app@~~Dl5oMMVQVFHwwIIJuPj6Tg==@com.petjiouser--z2e0ipfzfPM7XwutriOTg==@base.apk@classes.dex with executable: 0
09-09 12:49:57.207  6555  6555 I artd    : OatFileAssistant test for existing oat file /data/dalvik-cache/x86_64/data@app@~~Dl5oMMVQVFHwwIIJuPj6Tg==@com.petjiouser--z2e0ipfzfPM7XwutriOTg==@base.apk@classes.dex: File /data/dalvik-cache/x86_64/data@app@~~Dl5oMMVQVFHwwIIJuPj6Tg==@com.petjiouser--z2e0ipfzfPM7XwutriOTg==@base.apk@classes.vdex does not exist.
09-09 12:49:57.207  6555  6555 I artd    : GetBestInfo checking odex next to the dex file (/data/app/~~Dl5oMMVQVFHwwIIJuPj6Tg==/com.petjiouser--z2e0ipfzfPM7XwutriOTg==/oat/x86_64/base.odex)
09-09 12:49:57.207  6555  6555 I artd    : Loading /data/app/~~Dl5oMMVQVFHwwIIJuPj6Tg==/com.petjiouser--z2e0ipfzfPM7XwutriOTg==/oat/x86_64/base.odex with executable: 0
09-09 12:49:57.213  6555  6555 I artd    : Successfully loaded /data/app/~~Dl5oMMVQVFHwwIIJuPj6Tg==/com.petjiouser--z2e0ipfzfPM7XwutriOTg==/oat/x86_64/base.odex with executable: 0
09-09 12:49:57.214  6555  6555 I artd    : /data/app/~~Dl5oMMVQVFHwwIIJuPj6Tg==/com.petjiouser--z2e0ipfzfPM7XwutriOTg==/oat/x86_64/base.odex is kOatUpToDate with filter verify
09-09 12:49:57.219  6736  6736 V GraphicsEnvironment: Currently set values for:
09-09 12:49:57.219  6736  6736 V GraphicsEnvironment:   angle_gl_driver_selection_pkgs=[]
09-09 12:49:57.219  6736  6736 V GraphicsEnvironment:   angle_gl_driver_selection_values=[]
09-09 12:49:57.219  6736  6736 V GraphicsEnvironment: Global.Settings values are invalid: number of packages: 0, number of values: 0
09-09 12:49:57.219  6736  6736 V GraphicsEnvironment: Neither updatable production driver nor prerelease driver is supported.
09-09 12:49:57.250  1618  1618 W ChimeraProxyRslvr: No registered Chimera impl for com.google.android.gms.games.chimera.GamesSystemBroadcastReceiverProxy
09-09 12:49:57.250  1618  1618 E ChimeraRcvrProxy: com.google.android.gms.games.chimera.GamesSystemBroadcastReceiverProxy dropping broadcast android.intent.action.PACKAGE_ADDED
09-09 12:49:57.257  4448  4448 I Finsky  : [2] Memory trim requested to level 40
09-09 12:49:57.257  4448  4476 I Finsky  : [52] RECEIVER_PACKAGE_MONITOR#logWorkEndAndFinishGoAsync: SUCCESS
09-09 12:49:57.258  4448  4448 I Finsky  : [2] Flushing in-memory image cache
09-09 12:49:57.259  4448  4448 I Finsky  : [2] Memory trim requested to level 40
09-09 12:49:57.259  4448  4448 I Finsky  : [2] Flushing in-memory image cache
09-09 12:49:57.376  4448  4505 I Finsky  : [70] AIM: Got app ownership map. App counts: . Unique apps: 0
09-09 12:49:57.376  4448  4505 E Finsky  : [70] [Counters] attempted to use a non-positive increment for: 4752
09-09 12:49:57.422  4448  6713 D TrafficStats: tagSocket(128) with statsTag=0xffffffff, statsUid=-1
09-09 12:49:57.431  4448  6767 D TrafficStats: tagSocket(134) with statsTag=0xffffffff, statsUid=-1
09-09 12:49:57.467  4448  4496 I Finsky  : [64] AIM: AppInfoManager-Perf > OnDeviceAppInfo > cacheHitCount=1, cacheMissCount=0. Missed  in cache (limit 10) : []
09-09 12:49:57.469  4448  4496 E Finsky  : [64] [Counters] attempted to use a non-positive increment for: 4753
09-09 12:49:57.469  4448  4496 I Finsky  : [64] AIM: Got app ownership map. App counts: . Unique apps: 0
09-09 12:49:57.469  4448  4496 E Finsky  : [64] [Counters] attempted to use a non-positive increment for: 4752
09-09 12:49:57.470  4448  4496 I Finsky  : [64] AIM: AppInfoManager-Perf > getApps > data collection finished
09-09 12:49:57.470  4448  4496 I Finsky  : [64] AIM: AppInfoManager-Perf > maybeDestroyAppInfoManager is called. actives = 2
09-09 12:49:57.470  4448  4518 E Finsky  : [83] [Counters] attempted to use a non-positive increment for: 4753
09-09 12:49:57.474   663   698 W Looper  : Slow dispatch took 252ms android.ui h=com.android.server.am.ActivityManagerService$UiHandler c=com.android.server.am.UidObserverController$$ExternalSyntheticLambda0@34e6c57 m=0
09-09 12:49:57.490  1202  6732 I Fitness : (REDACTED) FitCleanupIntentOperation received Intent %s
09-09 12:49:57.507   954  1052 I Choreographer: Skipped 33 frames!  The application may be doing too much work on its main thread.
09-09 12:49:57.538   954  1199 V WindowManagerShell: onTransitionReady(transaction=2847563318480)
09-09 12:49:57.558  1618  6753 I Auth    : (REDACTED) [SupervisedAccountIntentOperationV2] onHandleIntent: %s
09-09 12:49:57.570   663   697 V WindowManager: Sent Transition (#27) createdAt=09-09 12:49:56.314 via request=TransitionRequestInfo { type = OPEN, triggerTask = TaskInfo{userId=0 taskId=65 displayId=0 isRunning=true baseIntent=Intent { flg=0x10000000 cmp=com.petjiouser/.MainActivity } baseActivity=ComponentInfo{com.petjiouser/com.petjiouser.MainActivity} topActivity=ComponentInfo{com.petjiouser/com.petjiouser.MainActivity} origActivity=null realActivity=ComponentInfo{com.petjiouser/com.petjiouser.MainActivity} numActivities=1 lastActiveTime=1692391 supportsMultiWindow=true resizeMode=1 isResizeable=true minWidth=-1 minHeight=-1 defaultMinSize=220 token=WCT{RemoteToken{e72963 Task{87dd5f7 #65 type=standard A=10220:com.petjiouser}}} topActivityType=1 pictureInPictureParams=null shouldDockBigOverlays=false launchIntoPipHostTaskId=-1 lastParentTaskIdBeforePip=-1 displayCutoutSafeInsets=Rect(0, 159 - 0, 0) topActivityInfo=ActivityInfo{69af960 com.petjiouser.MainActivity} launchCookies=[] positionInParent=Point(0, 0) parentTaskId=-1 isFocused=false isVisible=false isVisibleRequested=false isSleeping=false locusId=null displayAreaFeatureId=1 isTopActivityTransparent=false appCompatTaskInfo=AppCompatTaskInfo { topActivityInSizeCompat=false topActivityEligibleForLetterboxEducation= falseisLetterboxEducationEnabled= true isLetterboxDoubleTapEnabled= false topActivityEligibleForUserAspectRatioButton= false topActivityBoundsLetterboxed= false isFromLetterboxDoubleTap= false topActivityLetterboxVerticalPosition= -1 topActivityLetterboxHorizontalPosition= -1 topActivityLetterboxWidth=1344 topActivityLetterboxHeight=2992 isUserFullscreenOverrideEnabled=false isSystemFullscreenOverrideEnabled=false cameraCompatTaskInfo=CameraCompatTaskInfo { cameraCompatControlState=hidden freeformCameraCompatMode=inactive}}}, pipTask = null, remoteTransition = null, displayChange = null, flags = 0, debugId = 27 }
09-09 12:49:57.570   663   697 V WindowManager:     startWCT=WindowContainerTransaction { changes = {} hops = [] errorCallbackToken=null taskFragmentOrganizer=null }
09-09 12:49:57.571   663   697 V WindowManager:     info={id=27 t=OPEN f=0x0 trk=0 r=[0@Point(0, 0)] c=[
09-09 12:49:57.571   663   697 V WindowManager:         {WCT{RemoteToken{e72963 Task{87dd5f7 #65 type=standard A=10220:com.petjiouser}}} m=OPEN f=NONE leash=Surface(name=Task=65)/@0xeded7c7 sb=Rect(0, 0 - 1344, 2992) eb=Rect(0, 0 - 1344, 2992) d=0 taskParent=-1},
09-09 12:49:57.571   663   697 V WindowManager:         {WCT{RemoteToken{2174a3f Task{e2ce4e3 #1 type=home}}} m=TO_BACK f=SHOW_WALLPAPER leash=Surface(name=Task=1)/@0x4fedc31 sb=Rect(0, 0 - 1344, 2992) eb=Rect(0, 0 - 1344, 2992) d=0 taskParent=-1}
09-09 12:49:57.571   663   697 V WindowManager:     ]}
09-09 12:49:57.590   954  1021 V WindowManagerShell: onTransitionReady (#27) android.os.BinderProxy@657d994: {id=27 t=OPEN f=0x0 trk=0 r=[0@Point(0, 0)] c=[{WCT{android.window.IWindowContainerToken$Stub$Proxy@83a7506} m=OPEN f=NONE leash=Surface(name=Task=65)/@0x6619f3a sb=Rect(0, 0 - 1344, 2992) eb=Rect(0, 0 - 1344, 2992) d=0 taskParent=-1},{WCT{android.window.IWindowContainerToken$Stub$Proxy@92fd7c7} m=TO_BACK f=SHOW_WALLPAPER leash=Surface(name=Task=1)/@0x6f0a7eb sb=Rect(0, 0 - 1344, 2992) eb=Rect(0, 0 - 1344, 2992) d=0 taskParent=-1}]}
09-09 12:49:57.603   954  1199 I HWUI    : Davey! duration=967ms; Flags=1, FrameTimelineVsyncId=100527, IntendedVsync=1692483299622, Vsync=1692933299604, InputEventId=0, HandleInputStart=1692940243200, AnimationStart=1692940311500, PerformTraversalsStart=1692940499800, DrawStart=1693238210100, FrameDeadline=1692499966288, FrameInterval=1692938174100, FrameStartTime=16666666, SyncQueued=1693238921300, SyncStart=1693334587300, IssueDrawCommandsStart=1693339595700, SwapBuffers=1693403261800, FrameCompleted=1693546579400, DequeueBufferDuration=360600, QueueBufferDuration=5594100, GpuCompleted=1693546579400, SwapBuffersCompleted=1693503042000, DisplayPresentTime=0, CommandSubmissionCompleted=1693403261800, 
09-09 12:49:57.605  4448  4496 I Finsky  : [64] AIM: AppInfoManager-Perf > ItemModel > CacheSize=34, cacheHitCount=0, cacheMissCount=0, total appsWithNoServerDataCount=2. Missed  in cache (limit 10) : []
09-09 12:49:57.607   954  1021 V WindowManagerShell: Playing animation for (#27) android.os.BinderProxy@657d994@0
09-09 12:49:57.607   954  1021 V WindowManagerShell:  try handler com.android.wm.shell.transition.DefaultMixedHandler@11f2f4
09-09 12:49:57.607   954  1021 V WindowManagerShell:  try handler com.android.wm.shell.keyguard.KeyguardTransitionHandler@c62fa1d
09-09 12:49:57.607   954  1021 V WindowManagerShell:  try handler com.android.wm.shell.pip.PipTransition@dc78492
09-09 12:49:57.607   954  1021 V WindowManagerShell:  try handler com.android.wm.shell.activityembedding.ActivityEmbeddingController@3441e63
09-09 12:49:57.607   954  1021 V WindowManagerShell:  try handler com.android.wm.shell.recents.RecentsTransitionHandler@8d54a60
09-09 12:49:57.609   954  1021 V ShellRecents: RecentsTransitionHandler.startAnimation: no controller found
09-09 12:49:57.609   954  1021 V WindowManagerShell:  try handler com.android.wm.shell.splitscreen.StageCoordinator@5ba1b19
09-09 12:49:57.610   954  1021 V WindowManagerShell:  try handler com.android.wm.shell.transition.RemoteTransitionHandler@2d557de
09-09 12:49:57.610   954  1021 V WindowManagerShell: Transition doesn't have explicit remote, search filters for match for {id=27 t=OPEN f=0x0 trk=0 r=[0@Point(0, 0)] c=[{WCT{android.window.IWindowContainerToken$Stub$Proxy@83a7506} m=OPEN f=NONE leash=Surface(name=Task=65)/@0x6619f3a sb=Rect(0, 0 - 1344, 2992) eb=Rect(0, 0 - 1344, 2992) d=0 taskParent=-1},{WCT{android.window.IWindowContainerToken$Stub$Proxy@92fd7c7} m=TO_BACK f=SHOW_WALLPAPER leash=Surface(name=Task=1)/@0x6f0a7eb sb=Rect(0, 0 - 1344, 2992) eb=Rect(0, 0 - 1344, 2992) d=0 taskParent=-1}]}
09-09 12:49:57.610   954  1021 V WindowManagerShell:  Checking filter Pair{{types=[] flags=0x0] notFlags=0x0 checks=[{atype=undefined independent=true modes=[OPEN,TO_FRONT] flags=IN_TASK_WITH_EMBEDDED_ACTIVITY mustBeTask=false order=ANY topActivity=ComponentInfo{com.google.android.apps.nexuslauncher/com.google.android.apps.nexuslauncher.NexusLauncherActivity} launchCookie=null},{atype=undefined independent=true modes=[CLOSE,TO_BACK] flags=IN_TASK_WITH_EMBEDDED_ACTIVITY mustBeTask=false order=ANY topActivity=null launchCookie=null}]} RemoteTransition { remoteTransition = android.window.IRemoteTransition$Stub$Proxy@ef866b4, appThread = android.app.IApplicationThread$Stub$Proxy@246c2dd, debugName = OverlaySwipeBack }}
09-09 12:49:57.610   954  1021 V WindowManagerShell:  Checking filter Pair{{types=[] flags=0x0] notFlags=0x0 checks=[{atype=dream independent=true modes=[OPEN,TO_FRONT] flags=NONE mustBeTask=false order=ANY topActivity=null launchCookie=null},{atype=home independent=true modes=[CLOSE,TO_BACK] flags=NONE mustBeTask=false order=ANY topActivity=null launchCookie=null}]} RemoteTransition { remoteTransition = android.window.IRemoteTransition$Stub$Proxy@b6e7e52, appThread = android.app.IApplicationThread$Stub$Proxy@df4f523, debugName = LauncherToDream }}
09-09 12:49:57.610   954  1021 V WindowManagerShell:  Checking filter Pair{{types=[] flags=0x0] notFlags=0x100 checks=[{atype=home independent=true modes=[OPEN,TO_FRONT] flags=NONE mustBeTask=false order=TOP topActivity=ComponentInfo{com.google.android.apps.nexuslauncher/com.google.android.apps.nexuslauncher.NexusLauncherActivity} launchCookie=null},{atype=standard independent=true modes=[CLOSE,TO_BACK] flags=NONE mustBeTask=false order=ANY topActivity=null launchCookie=null}]} RemoteTransition { remoteTransition = android.window.IRemoteTransition$Stub$Proxy@f3a20, appThread = android.app.IApplicationThread$Stub$Proxy@ef1afd9, debugName = QuickstepLaunchHome }}
09-09 12:49:57.611   954  1021 V WindowManagerShell:  Delegate animation for (#27) to null
09-09 12:49:57.611   954  1021 V WindowManagerShell:  try handler com.android.wm.shell.transition.DefaultTransitionHandler@7d4f6db
09-09 12:49:57.611  4448  4518 I Finsky  : [83] AIM: AppInfoManager-Perf > ItemModel > CacheSize=34, cacheHitCount=0, cacheMissCount=0, total appsWithNoServerDataCount=2. Missed  in cache (limit 10) : []
09-09 12:49:57.612   954  1021 V WindowManagerShell: start default transition animation, info = {id=27 t=OPEN f=0x0 trk=0 r=[0@Point(0, 0)] c=[{WCT{android.window.IWindowContainerToken$Stub$Proxy@83a7506} m=OPEN f=NONE leash=Surface(name=Task=65)/@0x6619f3a sb=Rect(0, 0 - 1344, 2992) eb=Rect(0, 0 - 1344, 2992) d=0 taskParent=-1},{WCT{android.window.IWindowContainerToken$Stub$Proxy@92fd7c7} m=TO_BACK f=SHOW_WALLPAPER leash=Surface(name=Task=1)/@0x6f0a7eb sb=Rect(0, 0 - 1344, 2992) eb=Rect(0, 0 - 1344, 2992) d=0 taskParent=-1}]}
09-09 12:49:57.613   954  1021 V WindowManagerShell: loadAnimation: anim=android.view.animation.AnimationSet@f482963 animAttr=0x13 type=OPEN isEntrance=false
09-09 12:49:57.627   954  1021 V WindowManagerShell: loadAnimation: anim=android.view.animation.AnimationSet@909f8bf animAttr=0x12 type=OPEN isEntrance=true
09-09 12:49:57.638   954  1021 V WindowManagerShell:  animated by com.android.wm.shell.transition.DefaultTransitionHandler@7d4f6db
09-09 12:49:57.639  4448  4518 I Finsky  : [83] AIM: AppInfoManager-Perf > getApps > data collection finished
09-09 12:49:57.639  4448  4518 I Finsky  : [83] AIM: AppInfoManager-Perf > maybeDestroyAppInfoManager is called. actives = 1
09-09 12:49:57.654  1618  1618 D BoundBrokerSvc: onBind: Intent { act=com.google.android.gms.common.BIND_SHARED_PREFS pkg=com.google.android.gms }
09-09 12:49:57.655  1618  1618 D BoundBrokerSvc: Loading bound service for intent: Intent { act=com.google.android.gms.common.BIND_SHARED_PREFS pkg=com.google.android.gms }
09-09 12:49:57.671  6736  6736 I FirebaseApp: Device unlocked: initializing all Firebase APIs for app [DEFAULT]
09-09 12:49:57.692  1618  6753 I Dck     : (REDACTED) disableDckSupport: %s
09-09 12:49:57.695  1618  6753 W Dck     : [WirelessCapabilitiesFeatures] wccSysProp: 0 [CONTEXT service_id=289 ]
09-09 12:49:57.702  1256  1635 D EGL_emulation: app_time_stats: avg=27300.12ms min=9.78ms max=136426.72ms count=5
09-09 12:49:57.707   663  1677 W UserManagerService: Requested status bar icon for non-badged user 0
09-09 12:49:57.712  1618  6753 I Dck     : [WirelessCapabilitiesFeatures] wccMendel: 3 [CONTEXT service_id=289 ]
09-09 12:49:57.741  1618  6753 I Dck     : [WirelessCapabilitiesFeatures] deviceWccOverride: false [CONTEXT service_id=289 ]
09-09 12:49:57.741  1618  6753 I Dck     : [WirelessCapabilitiesFeatures] replaceSupportedWccWithWccOverride: true [CONTEXT service_id=289 ]
09-09 12:49:57.752  1618  6753 I Dck     : [WirelessCapabilitiesFeatures] wccOverride: not set [CONTEXT service_id=289 ]
09-09 12:49:57.775  4448  4448 I Finsky  : [2] Memory trim requested to level 40
09-09 12:49:57.775  4448  4448 I Finsky  : [2] Flushing in-memory image cache
09-09 12:49:57.786  6736  6736 I FirebaseInitProvider: FirebaseApp initialization successful
09-09 12:49:57.797  6736  6736 D ReactNativeFirebaseApp: received application context.
09-09 12:49:57.810  4460  4460 I Finsky:background: [2] Memory trim requested to level 40
09-09 12:49:57.814  2327  3117 I ForwardSyncCache: reclaimMemory: Clearing caches
09-09 12:49:57.851   954  1098 D EGL_emulation: app_time_stats: avg=17473.83ms min=17473.83ms max=17473.83ms count=1
09-09 12:49:57.864  1618  6753 I Dck     : (REDACTED) [WirelessCapabilitiesFeatures] wcc: %s
09-09 12:49:57.864  6736  6736 D WM-WrkMgrInitializer: Initializing WorkManager with default configuration.
09-09 12:49:57.870  1618  6753 I Dck     : Dck module condition - hasWccSupport: false [CONTEXT service_id=289 ]
09-09 12:49:57.871  1618  6753 I Dck     : Dck module condition - downloadAllowed: false [CONTEXT service_id=289 ]
09-09 12:49:57.872  1618  6753 W Dck     : Dck module not eligible for asynchronous downloading [CONTEXT service_id=289 ]
09-09 12:49:57.940  1527  2774 I AiAiTextClassifier: [VisualCortexAdapter]: provideRegistration: Registered Prominent Screen Entities for updates.
09-09 12:49:57.949  1527  2774 I AiAiTextClassifier: [VisualCortexAdapter]: provideRegistration: Registered Prominent Screen Entities for updates.
09-09 12:49:57.954  1527  2774 I AiAiTextClassifier: [VisualCortexAdapter]: provideRegistration: Registered Prominent Screen Entities for updates.
09-09 12:49:57.990  1618  6754 I NearbyDiscovery: (REDACTED) processGrantSlicePermission: %s
09-09 12:49:58.038  1202  6732 I Fitness : (REDACTED) OnPackageChangedOperation got intent: %s
09-09 12:49:58.069  2327  3117 W Bugle   : TextClassifierLibManagerImpl: Reclaiming memory at level: 40
09-09 12:49:58.070   954  1021 V WindowManagerShell: Transition animation finished (aborted=false), notifying core (#27) android.os.BinderProxy@657d994@0
09-09 12:49:58.099   954  1021 V WindowManagerShell: Track 0 became idle
09-09 12:49:58.100   954  1021 V WindowManagerShell: All active transition animations finished
09-09 12:49:58.154   663  2259 W UserManagerService: Requested status bar icon for non-badged user 0
09-09 12:49:58.194   663  2256 W UserManagerService: Requested status bar icon for non-badged user 0
09-09 12:49:58.227  6736  6736 D WM-PackageManagerHelper: androidx.work.impl.background.systemjob.SystemJobService enabled
09-09 12:49:58.227  6736  6736 D WM-Schedulers: Created SystemJobScheduler and enabled SystemJobService
09-09 12:49:58.285  4448  4487 I Finsky  : [61] WM::SCH: Logging work initialize for 37-86
09-09 12:49:58.298   663   697 V WindowManager: Finish Transition (#27): created at 09-09 12:49:56.314 collect-started=0.943ms request-sent=80.872ms started=103.495ms ready=1200.507ms sent=1210.818ms finished=1757.845ms
09-09 12:49:58.298   663   697 W Looper  : Slow dispatch took 203ms android.fg h=android.os.Handler c=com.android.server.wm.Transition$$ExternalSyntheticLambda0@ae4f157 m=0
09-09 12:49:58.319  4448  4487 I Finsky  : [61] WM::SCH: Logging work initialize for 12-1
09-09 12:49:58.367  1256  1256 D VRI[NexusLauncherActivity]: visibilityChanged oldVisibility=true newVisibility=false
09-09 12:49:58.370  1256  1256 D NexusLauncherModelDelegate: notifySmartspaceEvent: SmartspaceTargetEvent{mSmartspaceTarget=null, mSmartspaceActionId='null', mEventType=7}
09-09 12:49:58.388  4448  4506 I Finsky  : [71] SCH: Scheduling phonesky job Id: 37-86, CT: 1757402397015, Constraints: [{ L: 0, D: 0, C: CHARGING_NONE, I: IDLE_NONE, N: NET_NONE, B: BATTERY_ANY }, { L: 0, D: 0, C: CHARGING_NONE, I: IDLE_NONE, N: NET_NONE, B: BATTERY_ANY }]
09-09 12:49:58.496  4448  4505 I Finsky  : [70] SCH: Scheduling 1 system job(s)
09-09 12:49:58.509  4448  4505 I Finsky  : [70] SCH: Scheduling expedited system job 9665
09-09 12:49:58.555  6736  6736 W SoLoader: Initializing SoLoader: 0
